../Middlewares/Third_Party/EdgeImpulse_naugtyninja-project-1_MachineLearning/edgeimpulse/edge-impulse-sdk/tensorflow/lite/micro/micro_allocator.cpp:59:9:virtual void* tflite::{anonymous}::MicroBuiltinDataAllocator::Allocate(size_t, size_t)	8	static
../Middlewares/Third_Party/EdgeImpulse_naugtyninja-project-1_MachineLearning/edgeimpulse/edge-impulse-sdk/tensorflow/lite/micro/micro_allocator.cpp:63:8:virtual void tflite::{anonymous}::MicroBuiltinDataAllocator::Deallocate(void*)	0	static
../Middlewares/Third_Party/EdgeImpulse_naugtyninja-project-1_MachineLearning/edgeimpulse/edge-impulse-sdk/tensorflow/lite/micro/micro_allocator.cpp:367:1:tflite::MicroAllocator::~MicroAllocator()	0	static
../Middlewares/Third_Party/EdgeImpulse_naugtyninja-project-1_MachineLearning/edgeimpulse/edge-impulse-sdk/tensorflow/lite/micro/micro_allocator.cpp:503:7:virtual void* tflite::MicroAllocator::AllocatePersistentBuffer(size_t)	8	static
../Middlewares/Third_Party/EdgeImpulse_naugtyninja-project-1_MachineLearning/edgeimpulse/edge-impulse-sdk/tensorflow/lite/micro/micro_allocator.cpp:709:14:virtual TfLiteStatus tflite::MicroAllocator::ResetTempAllocations()	8	static
../Middlewares/Third_Party/EdgeImpulse_naugtyninja-project-1_MachineLearning/edgeimpulse/edge-impulse-sdk/tensorflow/lite/micro/micro_allocator.cpp:713:6:virtual bool tflite::MicroAllocator::IsAllTempDeallocated()	8	static
../Middlewares/Third_Party/EdgeImpulse_naugtyninja-project-1_MachineLearning/edgeimpulse/edge-impulse-sdk/tensorflow/lite/micro/micro_allocator.cpp:778:15:virtual TfLiteTensor* tflite::MicroAllocator::AllocatePersistentTfLiteTensorInternal()	8	static
../Middlewares/Third_Party/EdgeImpulse_naugtyninja-project-1_MachineLearning/edgeimpulse/edge-impulse-sdk/tensorflow/lite/micro/micro_allocator.cpp:53:7:tflite::{anonymous}::MicroBuiltinDataAllocator::~MicroBuiltinDataAllocator()	0	static
../Middlewares/Third_Party/EdgeImpulse_naugtyninja-project-1_MachineLearning/edgeimpulse/edge-impulse-sdk/tensorflow/lite/micro/micro_allocator.cpp:646:6:virtual void tflite::MicroAllocator::DeallocateTempTfLiteTensor(TfLiteTensor*)	16	static
../Middlewares/Third_Party/EdgeImpulse_naugtyninja-project-1_MachineLearning/edgeimpulse/edge-impulse-sdk/tensorflow/lite/micro/micro_allocator.cpp:894:14:virtual TfLiteStatus tflite::MicroAllocator::AllocateScratchBufferHandles(tflite::ScratchBufferHandle**, size_t)	16	static
../Middlewares/Third_Party/EdgeImpulse_naugtyninja-project-1_MachineLearning/edgeimpulse/edge-impulse-sdk/tensorflow/lite/micro/micro_allocator.cpp:367:1:virtual tflite::MicroAllocator::~MicroAllocator()	8	static
../Middlewares/Third_Party/EdgeImpulse_naugtyninja-project-1_MachineLearning/edgeimpulse/edge-impulse-sdk/tensorflow/lite/micro/micro_allocator.cpp:53:7:virtual tflite::{anonymous}::MicroBuiltinDataAllocator::~MicroBuiltinDataAllocator()	8	static
../Middlewares/Third_Party/EdgeImpulse_naugtyninja-project-1_MachineLearning/edgeimpulse/edge-impulse-sdk/tensorflow/lite/micro/micro_allocator.cpp:670:15:virtual TfLiteTensor* tflite::MicroAllocator::AllocateTempTfLiteTensor(const tflite::Model*, const tflite::SubgraphAllocations*, int, int)	40	static
../Middlewares/Third_Party/EdgeImpulse_naugtyninja-project-1_MachineLearning/edgeimpulse/edge-impulse-sdk/tensorflow/lite/micro/micro_allocator.cpp:609:15:virtual TfLiteTensor* tflite::MicroAllocator::AllocatePersistentTfLiteTensor(const tflite::Model*, const tflite::SubgraphAllocations*, int, int)	40	static
../Middlewares/Third_Party/EdgeImpulse_naugtyninja-project-1_MachineLearning/edgeimpulse/edge-impulse-sdk/tensorflow/lite/micro/micro_allocator.cpp:584:14:virtual TfLiteStatus tflite::MicroAllocator::AllocateNodeAndRegistrations(const tflite::Model*, tflite::SubgraphAllocations*)	40	static
../Middlewares/Third_Party/EdgeImpulse_naugtyninja-project-1_MachineLearning/edgeimpulse/edge-impulse-sdk/tensorflow/lite/micro/micro_allocator.cpp:751:14:virtual TfLiteStatus tflite::MicroAllocator::AllocateVariables(const tflite::SubGraph*, TfLiteEvalTensor*, const int32_t*)	48	static
../Middlewares/Third_Party/EdgeImpulse_naugtyninja-project-1_MachineLearning/edgeimpulse/edge-impulse-sdk/tensorflow/lite/micro/micro_allocator.cpp:163:7:void* tflite::internal::GetFlatbufferTensorBuffer(const tflite::Tensor&, const flatbuffers::Vector<flatbuffers::Offset<tflite::Buffer> >*)	8	static
../Middlewares/Third_Party/EdgeImpulse_naugtyninja-project-1_MachineLearning/edgeimpulse/edge-impulse-sdk/tensorflow/lite/micro/micro_allocator.cpp:193:14:TfLiteStatus tflite::internal::InitializeTfLiteTensorFromFlatbuffer(tflite::IPersistentBufferAllocator*, tflite::INonPersistentBufferAllocator*, bool, const tflite::Tensor&, const flatbuffers::Vector<flatbuffers::Offset<tflite::Buffer> >*, TfLiteTensor*)	56	static
../Middlewares/Third_Party/EdgeImpulse_naugtyninja-project-1_MachineLearning/edgeimpulse/edge-impulse-sdk/tensorflow/lite/micro/micro_allocator.cpp:784:14:virtual TfLiteStatus tflite::MicroAllocator::PopulateTfLiteTensorFromFlatbuffer(const tflite::Model*, TfLiteTensor*, int, int, bool)	40	static
../Middlewares/Third_Party/EdgeImpulse_naugtyninja-project-1_MachineLearning/edgeimpulse/edge-impulse-sdk/tensorflow/lite/micro/micro_allocator.cpp:316:14:TfLiteStatus tflite::internal::InitializeTfLiteEvalTensorFromFlatbuffer(const tflite::Tensor&, const flatbuffers::Vector<flatbuffers::Offset<tflite::Buffer> >*, TfLiteEvalTensor*)	24	static
../Middlewares/Third_Party/EdgeImpulse_naugtyninja-project-1_MachineLearning/edgeimpulse/edge-impulse-sdk/tensorflow/lite/micro/micro_allocator.cpp:717:14:virtual TfLiteStatus tflite::MicroAllocator::AllocateTfLiteEvalTensors(const tflite::Model*, tflite::SubgraphAllocations*)	48	static
../Middlewares/Third_Party/EdgeImpulse_naugtyninja-project-1_MachineLearning/edgeimpulse/edge-impulse-sdk/tensorflow/lite/micro/micro_allocator.cpp:340:8:static size_t tflite::MicroAllocator::GetDefaultTailUsage(bool)	16	static
../Middlewares/Third_Party/EdgeImpulse_naugtyninja-project-1_MachineLearning/edgeimpulse/edge-impulse-sdk/tensorflow/lite/micro/micro_allocator.cpp:351:1:tflite::MicroAllocator::MicroAllocator(tflite::SingleArenaBufferAllocator*, tflite::MicroMemoryPlanner*)	0	static
../Middlewares/Third_Party/EdgeImpulse_naugtyninja-project-1_MachineLearning/edgeimpulse/edge-impulse-sdk/tensorflow/lite/micro/micro_allocator.cpp:358:1:tflite::MicroAllocator::MicroAllocator(tflite::IPersistentBufferAllocator*, tflite::INonPersistentBufferAllocator*, tflite::MicroMemoryPlanner*)	4	static
../Middlewares/Third_Party/EdgeImpulse_naugtyninja-project-1_MachineLearning/edgeimpulse/edge-impulse-sdk/tensorflow/lite/micro/micro_allocator.cpp:398:17:static tflite::MicroAllocator* tflite::MicroAllocator::Create(tflite::SingleArenaBufferAllocator*, tflite::MicroMemoryPlanner*)	16	static
../Middlewares/Third_Party/EdgeImpulse_naugtyninja-project-1_MachineLearning/edgeimpulse/edge-impulse-sdk/tensorflow/lite/micro/micro_allocator.cpp:369:17:static tflite::MicroAllocator* tflite::MicroAllocator::Create(uint8_t*, size_t, tflite::MicroMemoryPlanner*)	16	static
../Middlewares/Third_Party/EdgeImpulse_naugtyninja-project-1_MachineLearning/edgeimpulse/edge-impulse-sdk/tensorflow/lite/micro/micro_allocator.cpp:380:17:static tflite::MicroAllocator* tflite::MicroAllocator::Create(uint8_t*, size_t)	16	static
../Middlewares/Third_Party/EdgeImpulse_naugtyninja-project-1_MachineLearning/edgeimpulse/edge-impulse-sdk/tensorflow/lite/micro/micro_allocator.cpp:411:17:static tflite::MicroAllocator* tflite::MicroAllocator::Create(uint8_t*, size_t, uint8_t*, size_t)	40	static
../Middlewares/Third_Party/EdgeImpulse_naugtyninja-project-1_MachineLearning/edgeimpulse/edge-impulse-sdk/tensorflow/lite/micro/micro_allocator.cpp:482:14:TfLiteStatus tflite::MicroAllocator::FinishModelAllocation(const tflite::Model*, tflite::SubgraphAllocations*, tflite::ScratchBufferHandle**)	24	static
../Middlewares/Third_Party/EdgeImpulse_naugtyninja-project-1_MachineLearning/edgeimpulse/edge-impulse-sdk/tensorflow/lite/micro/micro_allocator.cpp:579:8:size_t tflite::MicroAllocator::used_bytes() const	16	static
../Middlewares/Third_Party/EdgeImpulse_naugtyninja-project-1_MachineLearning/edgeimpulse/edge-impulse-sdk/tensorflow/lite/micro/micro_allocator.cpp:913:14:TfLiteStatus tflite::MicroAllocator::InitScratchBufferData()	8	static
../Middlewares/Third_Party/EdgeImpulse_naugtyninja-project-1_MachineLearning/edgeimpulse/edge-impulse-sdk/tensorflow/lite/micro/micro_allocator.cpp:442:22:tflite::SubgraphAllocations* tflite::MicroAllocator::StartModelAllocation(const tflite::Model*)	16	static
../Middlewares/Third_Party/EdgeImpulse_naugtyninja-project-1_MachineLearning/edgeimpulse/edge-impulse-sdk/tensorflow/lite/micro/micro_allocator.cpp:932:33:tflite::internal::ScratchBufferRequest* tflite::MicroAllocator::GetScratchBufferRequests()	8	static
../Middlewares/Third_Party/EdgeImpulse_naugtyninja-project-1_MachineLearning/edgeimpulse/edge-impulse-sdk/tensorflow/lite/micro/micro_allocator.cpp:508:14:TfLiteStatus tflite::MicroAllocator::RequestScratchBufferInArena(size_t, int, int*)	24	static
../Middlewares/Third_Party/EdgeImpulse_naugtyninja-project-1_MachineLearning/edgeimpulse/edge-impulse-sdk/tensorflow/lite/micro/micro_allocator.cpp:549:14:TfLiteStatus tflite::MicroAllocator::FinishPrepareNodeAllocations(int)	16	static
../Middlewares/Third_Party/EdgeImpulse_naugtyninja-project-1_MachineLearning/edgeimpulse/edge-impulse-sdk/tensorflow/lite/micro/micro_allocator.cpp:797:14:virtual TfLiteStatus tflite::MicroAllocator::CommitStaticMemoryPlan(const tflite::Model*, tflite::SubgraphAllocations*, tflite::ScratchBufferHandle*)	104	static
../Middlewares/Third_Party/EdgeImpulse_naugtyninja-project-1_MachineLearning/edgeimpulse/edge-impulse-sdk/tensorflow/lite/micro/micro_allocator.cpp:937:35:tflite::TfLiteBridgeBuiltinDataAllocator* tflite::MicroAllocator::GetBuiltinDataAllocator()	0	static
