../Middlewares/Third_Party/EdgeImpulse_naugtyninja-project-1_MachineLearning/edgeimpulse/edge-impulse-sdk/tensorflow/lite/micro/micro_context.cpp:29:1:tflite::MicroContext::~MicroContext()	0	static
../Middlewares/Third_Party/EdgeImpulse_naugtyninja-project-1_MachineLearning/edgeimpulse/edge-impulse-sdk/tensorflow/lite/micro/micro_context.cpp:31:7:virtual void* tflite::MicroContext::AllocatePersistentBuffer(size_t)	8	static
../Middlewares/Third_Party/EdgeImpulse_naugtyninja-project-1_MachineLearning/edgeimpulse/edge-impulse-sdk/tensorflow/lite/micro/micro_context.cpp:41:7:virtual void* tflite::MicroContext::GetScratchBuffer(int)	0	static
../Middlewares/Third_Party/EdgeImpulse_naugtyninja-project-1_MachineLearning/edgeimpulse/edge-impulse-sdk/tensorflow/lite/micro/micro_context.cpp:46:15:virtual TfLiteTensor* tflite::MicroContext::AllocateTempTfLiteTensor(int)	16	static
../Middlewares/Third_Party/EdgeImpulse_naugtyninja-project-1_MachineLearning/edgeimpulse/edge-impulse-sdk/tensorflow/lite/micro/micro_context.cpp:93:6:virtual void tflite::MicroContext::DeallocateTempTfLiteTensor(TfLiteTensor*)	8	static
../Middlewares/Third_Party/EdgeImpulse_naugtyninja-project-1_MachineLearning/edgeimpulse/edge-impulse-sdk/tensorflow/lite/micro/micro_context.cpp:97:19:virtual TfLiteEvalTensor* tflite::MicroContext::GetEvalTensor(int)	0	static
../Middlewares/Third_Party/EdgeImpulse_naugtyninja-project-1_MachineLearning/edgeimpulse/edge-impulse-sdk/tensorflow/lite/micro/micro_context.cpp:29:1:virtual tflite::MicroContext::~MicroContext()	8	static
../Middlewares/Third_Party/EdgeImpulse_naugtyninja-project-1_MachineLearning/edgeimpulse/edge-impulse-sdk/tensorflow/lite/micro/micro_context.cpp:35:14:virtual TfLiteStatus tflite::MicroContext::RequestScratchBufferInArena(size_t, int*)	8	static
../Middlewares/Third_Party/EdgeImpulse_naugtyninja-project-1_MachineLearning/edgeimpulse/edge-impulse-sdk/tensorflow/lite/micro/micro_context.cpp:25:1:tflite::MicroContext::MicroContext(tflite::MicroAllocator*, const tflite::Model*, tflite::MicroGraph*)	4	static
../Middlewares/Third_Party/EdgeImpulse_naugtyninja-project-1_MachineLearning/edgeimpulse/edge-impulse-sdk/tensorflow/lite/micro/micro_context.cpp:52:5:int tflite::MicroContext::GetTensorIndex(int, int, const int*)	0	static
../Middlewares/Third_Party/EdgeImpulse_naugtyninja-project-1_MachineLearning/edgeimpulse/edge-impulse-sdk/tensorflow/lite/micro/micro_context.cpp:63:15:virtual TfLiteTensor* tflite::MicroContext::AllocateTempInputTensor(const TfLiteNode*, int)	8	static
../Middlewares/Third_Party/EdgeImpulse_naugtyninja-project-1_MachineLearning/edgeimpulse/edge-impulse-sdk/tensorflow/lite/micro/micro_context.cpp:73:15:virtual TfLiteTensor* tflite::MicroContext::AllocateTempOutputTensor(const TfLiteNode*, int)	8	static
../Middlewares/Third_Party/EdgeImpulse_naugtyninja-project-1_MachineLearning/edgeimpulse/edge-impulse-sdk/tensorflow/lite/micro/micro_context.cpp:83:15:virtual TfLiteTensor* tflite::MicroContext::AllocateTempIntermediateTensor(const TfLiteNode*, int)	8	static
../Middlewares/Third_Party/EdgeImpulse_naugtyninja-project-1_MachineLearning/edgeimpulse/edge-impulse-sdk/tensorflow/lite/micro/micro_context.cpp:102:6:void tflite::MicroContext::SetScratchBufferHandles(tflite::ScratchBufferHandle*)	0	static
../Middlewares/Third_Party/EdgeImpulse_naugtyninja-project-1_MachineLearning/edgeimpulse/edge-impulse-sdk/tensorflow/lite/micro/micro_context.cpp:107:14:TfLiteStatus tflite::MicroContext::set_external_context(void*)	0	static
../Middlewares/Third_Party/EdgeImpulse_naugtyninja-project-1_MachineLearning/edgeimpulse/edge-impulse-sdk/tensorflow/lite/micro/micro_context.cpp:121:6:)	12	static
