../Middlewares/Third_Party/EdgeImpulse_naugtyninja-project-1_MachineLearning/edgeimpulse/edge-impulse-sdk/tensorflow/lite/kernels/internal/portable_tensor_utils.cpp:40:6:void tflite::tensor_utils::ApplyReluToVector(const float*, int, float*)	16	static
../Middlewares/Third_Party/EdgeImpulse_naugtyninja-project-1_MachineLearning/edgeimpulse/edge-impulse-sdk/tensorflow/lite/kernels/internal/portable_tensor_utils.cpp:48:6:void tflite::tensor_utils::ApplyRelu1ToVector(const float*, int, float*)	16	static
../Middlewares/Third_Party/EdgeImpulse_naugtyninja-project-1_MachineLearning/edgeimpulse/edge-impulse-sdk/tensorflow/lite/kernels/internal/portable_tensor_utils.cpp:56:6:void tflite::tensor_utils::ApplyRelu6ToVector(const float*, int, float*)	16	static
../Middlewares/Third_Party/EdgeImpulse_naugtyninja-project-1_MachineLearning/edgeimpulse/edge-impulse-sdk/tensorflow/lite/kernels/internal/portable_tensor_utils.cpp:64:6:void tflite::tensor_utils::ApplySignbitToVector(const float*, int, float*)	0	static
../Middlewares/Third_Party/EdgeImpulse_naugtyninja-project-1_MachineLearning/edgeimpulse/edge-impulse-sdk/tensorflow/lite/kernels/internal/portable_tensor_utils.cpp:71:6:void tflite::tensor_utils::UnpackDenseInt4IntoInt8(const int8_t*, int, int8_t*)	8	static
