../Middlewares/Third_Party/EdgeImpulse_naugtyninja-project-1_MachineLearning/edgeimpulse/edge-impulse-sdk/tensorflow/lite/micro/kernels/complex_abs.cpp:41:14:TfLiteStatus tflite::ops::micro::complex_abs::Prepare(TfLiteContext*, TfLiteNode*)	40	static
../Middlewares/Third_Party/EdgeImpulse_naugtyninja-project-1_MachineLearning/edgeimpulse/edge-impulse-sdk/tensorflow/lite/micro/kernels/complex_abs.cpp:67:14:TfLiteStatus tflite::ops::micro::complex_abs::Eval(TfLiteContext*, TfLiteNode*)	24	static
../Middlewares/Third_Party/EdgeImpulse_naugtyninja-project-1_MachineLearning/edgeimpulse/edge-impulse-sdk/tensorflow/lite/micro/kernels/complex_abs.cpp:92:20:TfLiteRegistration tflite::Register_COMPLEX_ABS()	8	static
