../Middlewares/Third_Party/EdgeImpulse_naugtyninja-project-1_MachineLearning/edgeimpulse/edge-impulse-sdk/tensorflow/lite/micro/kernels/dequantize.cpp:31:7:void* tflite::DequantizeInit(TfLiteContext*, const char*, size_t)	8	static
../Middlewares/Third_Party/EdgeImpulse_naugtyninja-project-1_MachineLearning/edgeimpulse/edge-impulse-sdk/tensorflow/lite/micro/kernels/dequantize.cpp:37:14:TfLiteStatus tflite::DequantizeEval(TfLiteContext*, TfLiteNode*)	168	static
../Middlewares/Third_Party/EdgeImpulse_naugtyninja-project-1_MachineLearning/edgeimpulse/edge-impulse-sdk/tensorflow/lite/micro/kernels/dequantize.cpp:83:20:TfLiteRegistration tflite::Register_DEQUANTIZE()	16	static
