../Middlewares/Third_Party/EdgeImpulse_naugtyninja-project-1_MachineLearning/edgeimpulse/edge-impulse-sdk/tensorflow/lite/micro/kernels/if.cpp:44:14:TfLiteStatus tflite::{anonymous}::Prepare(TfLiteContext*, TfLiteNode*)	56	static
../Middlewares/Third_Party/EdgeImpulse_naugtyninja-project-1_MachineLearning/edgeimpulse/edge-impulse-sdk/tensorflow/lite/micro/kernels/if.cpp:85:14:TfLiteStatus tflite::{anonymous}::Eval(TfLiteContext*, TfLiteNode*)	32	static
../Middlewares/Third_Party/EdgeImpulse_naugtyninja-project-1_MachineLearning/edgeimpulse/edge-impulse-sdk/tensorflow/lite/micro/kernels/if.cpp:39:7:void* tflite::{anonymous}::Init(TfLiteContext*, const char*, size_t)	8	static
../Middlewares/Third_Party/EdgeImpulse_naugtyninja-project-1_MachineLearning/edgeimpulse/edge-impulse-sdk/tensorflow/lite/micro/kernels/if.cpp:117:20:TfLiteRegistration tflite::Register_IF()	16	static
