../Middlewares/Third_Party/EdgeImpulse_naugtyninja-project-1_MachineLearning/edgeimpulse/edge-impulse-sdk/tensorflow/lite/micro/kernels/kernel_util_micro.cpp:41:20:TfLiteRegistration tflite::micro::RegisterOp(void* (*)(TfLiteContext*, const char*, size_t), TfLiteStatus (*)(TfLiteContext*, TfLiteNode*), TfLiteStatus (*)(TfLiteContext*, TfLiteNode*), void (*)(TfLiteContext*, void*))	0	static
../Middlewares/Third_Party/EdgeImpulse_naugtyninja-project-1_MachineLearning/edgeimpulse/edge-impulse-sdk/tensorflow/lite/micro/kernels/kernel_util_micro.cpp:59:19:TfLiteEvalTensor* tflite::micro::GetMutableEvalInput(const TfLiteContext*, const TfLiteNode*, int)	8	static
../Middlewares/Third_Party/EdgeImpulse_naugtyninja-project-1_MachineLearning/edgeimpulse/edge-impulse-sdk/tensorflow/lite/micro/kernels/kernel_util_micro.cpp:74:25:const TfLiteEvalTensor* tflite::micro::GetEvalInput(const TfLiteContext*, const TfLiteNode*, int)	8	static
../Middlewares/Third_Party/EdgeImpulse_naugtyninja-project-1_MachineLearning/edgeimpulse/edge-impulse-sdk/tensorflow/lite/micro/kernels/kernel_util_micro.cpp:80:19:TfLiteEvalTensor* tflite::micro::GetEvalOutput(const TfLiteContext*, const TfLiteNode*, int)	8	static
../Middlewares/Third_Party/EdgeImpulse_naugtyninja-project-1_MachineLearning/edgeimpulse/edge-impulse-sdk/tensorflow/lite/micro/kernels/kernel_util_micro.cpp:87:6:bool tflite::micro::HaveSameShapes(const TfLiteEvalTensor*, const TfLiteEvalTensor*)	8	static
../Middlewares/Third_Party/EdgeImpulse_naugtyninja-project-1_MachineLearning/edgeimpulse/edge-impulse-sdk/tensorflow/lite/micro/kernels/kernel_util_micro.cpp:94:20:const tflite::RuntimeShape tflite::micro::GetTensorShape(const TfLiteEvalTensor*)	8	static
../Middlewares/Third_Party/EdgeImpulse_naugtyninja-project-1_MachineLearning/edgeimpulse/edge-impulse-sdk/tensorflow/lite/micro/kernels/kernel_util_micro.cpp:104:13:tflite::PaddingType tflite::micro::RuntimePaddingType(TfLitePadding)	0	static
../Middlewares/Third_Party/EdgeImpulse_naugtyninja-project-1_MachineLearning/edgeimpulse/edge-impulse-sdk/tensorflow/lite/micro/kernels/kernel_util_micro.cpp:120:14:TfLiteStatus tflite::micro::CreateWritableTensorDimsWithCopy(TfLiteContext*, TfLiteTensor*, TfLiteEvalTensor*)	32	static
../Middlewares/Third_Party/EdgeImpulse_naugtyninja-project-1_MachineLearning/edgeimpulse/edge-impulse-sdk/tensorflow/lite/micro/kernels/kernel_util_micro.cpp:143:8:size_t tflite::micro::ValidateAndGetTensorSizes(const TfLiteEvalTensor*, const TfLiteEvalTensor*)	16	static
../Middlewares/Third_Party/EdgeImpulse_naugtyninja-project-1_MachineLearning/edgeimpulse/edge-impulse-sdk/tensorflow/lite/micro/kernels/kernel_util_micro.cpp:153:14:TfLiteStatus tflite::micro::CopyOpInputsToOpOutputs(TfLiteContext*, TfLiteNode*)	32	static
../Middlewares/Third_Party/EdgeImpulse_naugtyninja-project-1_MachineLearning/edgeimpulse/edge-impulse-sdk/tensorflow/lite/micro/kernels/kernel_util_micro.cpp:180:6:void tflite::micro::PrintNBytes(const int8_t*, int, const char*)	0	static
../Middlewares/Third_Party/EdgeImpulse_naugtyninja-project-1_MachineLearning/edgeimpulse/edge-impulse-sdk/tensorflow/lite/micro/kernels/kernel_util_micro.cpp:193:6:void tflite::micro::PrintNBytes(const TfLiteEvalTensor*, int, const char*)	8	static
../Middlewares/Third_Party/EdgeImpulse_naugtyninja-project-1_MachineLearning/edgeimpulse/edge-impulse-sdk/tensorflow/lite/micro/kernels/kernel_util_micro.cpp:201:6:void tflite::micro::PrintNBytes(const TfLiteTensor*, int, const char*)	0	static
../Middlewares/Third_Party/EdgeImpulse_naugtyninja-project-1_MachineLearning/edgeimpulse/edge-impulse-sdk/tensorflow/lite/micro/kernels/kernel_util_micro.cpp:206:14:TfLiteStatus tflite::micro::CopyOpInputsToSubgraphInputs(TfLiteContext*, TfLiteNode*, tflite::MicroGraph*, int, int)	48	static
../Middlewares/Third_Party/EdgeImpulse_naugtyninja-project-1_MachineLearning/edgeimpulse/edge-impulse-sdk/tensorflow/lite/micro/kernels/kernel_util_micro.cpp:226:14:TfLiteStatus tflite::micro::CopyOpOutputsToSubgraphInputs(TfLiteContext*, TfLiteNode*, tflite::MicroGraph*, int)	40	static
../Middlewares/Third_Party/EdgeImpulse_naugtyninja-project-1_MachineLearning/edgeimpulse/edge-impulse-sdk/tensorflow/lite/micro/kernels/kernel_util_micro.cpp:243:14:TfLiteStatus tflite::micro::CopySubgraphOutputsToOpOutputs(TfLiteContext*, TfLiteNode*, tflite::MicroGraph*, int)	40	static
../Middlewares/Third_Party/EdgeImpulse_naugtyninja-project-1_MachineLearning/edgeimpulse/edge-impulse-sdk/tensorflow/lite/micro/kernels/kernel_util_micro.cpp:260:18:TfLiteEvalTensor tflite::micro::MakeUnpackedInt4Tensor(TfLiteContext*, int, const TfLiteEvalTensor*)	48	static
