../Middlewares/Third_Party/EdgeImpulse_naugtyninja-project-1_MachineLearning/edgeimpulse/edge-impulse-sdk/tensorflow/lite/micro/kernels/reduce.cpp:31:7:void* tflite::InitReduce(TfLiteContext*, const char*, size_t)	8	static
../Middlewares/Third_Party/EdgeImpulse_naugtyninja-project-1_MachineLearning/edgeimpulse/edge-impulse-sdk/tensorflow/lite/micro/kernels/reduce.cpp:35:14:TfLiteStatus tflite::PrepareMaxOrMinOrAny(TfLiteContext*, TfLiteNode*)	8	static
../Middlewares/Third_Party/EdgeImpulse_naugtyninja-project-1_MachineLearning/edgeimpulse/edge-impulse-sdk/tensorflow/lite/micro/kernels/reduce.cpp:40:14:TfLiteStatus tflite::PrepareMeanOrSum(TfLiteContext*, TfLiteNode*)	8	static
../Middlewares/Third_Party/EdgeImpulse_naugtyninja-project-1_MachineLearning/edgeimpulse/edge-impulse-sdk/tensorflow/lite/micro/kernels/reduce.cpp:45:14:TfLiteStatus tflite::EvalAny(TfLiteContext*, TfLiteNode*)	8	static
../Middlewares/Third_Party/EdgeImpulse_naugtyninja-project-1_MachineLearning/edgeimpulse/edge-impulse-sdk/tensorflow/lite/micro/kernels/reduce.cpp:50:14:TfLiteStatus tflite::EvalAll(TfLiteContext*, TfLiteNode*)	8	static
../Middlewares/Third_Party/EdgeImpulse_naugtyninja-project-1_MachineLearning/edgeimpulse/edge-impulse-sdk/tensorflow/lite/micro/kernels/reduce.cpp:60:14:TfLiteStatus tflite::EvalMax(TfLiteContext*, TfLiteNode*)	8	static
../Middlewares/Third_Party/EdgeImpulse_naugtyninja-project-1_MachineLearning/edgeimpulse/edge-impulse-sdk/tensorflow/lite/micro/kernels/reduce.cpp:65:14:TfLiteStatus tflite::EvalMin(TfLiteContext*, TfLiteNode*)	8	static
../Middlewares/Third_Party/EdgeImpulse_naugtyninja-project-1_MachineLearning/edgeimpulse/edge-impulse-sdk/tensorflow/lite/micro/kernels/reduce.cpp:55:14:TfLiteStatus tflite::EvalMean(TfLiteContext*, TfLiteNode*)	8	static
../Middlewares/Third_Party/EdgeImpulse_naugtyninja-project-1_MachineLearning/edgeimpulse/edge-impulse-sdk/tensorflow/lite/micro/kernels/reduce.cpp:70:14:TfLiteStatus tflite::EvalSum(TfLiteContext*, TfLiteNode*)	8	static
../Middlewares/Third_Party/EdgeImpulse_naugtyninja-project-1_MachineLearning/edgeimpulse/edge-impulse-sdk/tensorflow/lite/micro/kernels/reduce.cpp:75:20:TfLiteRegistration tflite::Register_MEAN()	16	static
../Middlewares/Third_Party/EdgeImpulse_naugtyninja-project-1_MachineLearning/edgeimpulse/edge-impulse-sdk/tensorflow/lite/micro/kernels/reduce.cpp:79:20:TfLiteRegistration tflite::Register_REDUCE_MAX()	16	static
../Middlewares/Third_Party/EdgeImpulse_naugtyninja-project-1_MachineLearning/edgeimpulse/edge-impulse-sdk/tensorflow/lite/micro/kernels/reduce.cpp:83:20:TfLiteRegistration tflite::Register_REDUCE_MIN()	16	static
../Middlewares/Third_Party/EdgeImpulse_naugtyninja-project-1_MachineLearning/edgeimpulse/edge-impulse-sdk/tensorflow/lite/micro/kernels/reduce.cpp:87:20:TfLiteRegistration tflite::Register_REDUCE_ANY()	16	static
../Middlewares/Third_Party/EdgeImpulse_naugtyninja-project-1_MachineLearning/edgeimpulse/edge-impulse-sdk/tensorflow/lite/micro/kernels/reduce.cpp:91:20:TfLiteRegistration tflite::Register_REDUCE_ALL()	16	static
../Middlewares/Third_Party/EdgeImpulse_naugtyninja-project-1_MachineLearning/edgeimpulse/edge-impulse-sdk/tensorflow/lite/micro/kernels/reduce.cpp:95:20:TfLiteRegistration tflite::Register_SUM()	16	static
