../Middlewares/Third_Party/EdgeImpulse_naugtyninja-project-1_MachineLearning/edgeimpulse/edge-impulse-sdk/tensorflow/lite/micro/kernels/reduce_common.cpp:273:7:static float tflite::EvalSumHelper(TfLiteContext*, TfLiteNode*, OpDataReduce*)::<lambda(float, float)>::_FUN(float, float)	0	static
../Middlewares/Third_Party/EdgeImpulse_naugtyninja-project-1_MachineLearning/edgeimpulse/edge-impulse-sdk/tensorflow/lite/micro/kernels/reduce_common.cpp:357:10:static bool tflite::getReducerForProd<bool>()::<lambda(bool, bool)>::_FUN(bool, bool)	0	static
../Middlewares/Third_Party/EdgeImpulse_naugtyninja-project-1_MachineLearning/edgeimpulse/edge-impulse-sdk/tensorflow/lite/micro/kernels/reduce_common.cpp:365:14:static bool tflite::GetReducer<bool>(ReduceType)::<lambda(bool, bool)>::_FUN(bool, bool)	0	static
../Middlewares/Third_Party/EdgeImpulse_naugtyninja-project-1_MachineLearning/edgeimpulse/edge-impulse-sdk/tensorflow/lite/micro/kernels/reduce_common.cpp:369:14:static bool tflite::GetReducer<bool>(ReduceType)::<lambda(bool, bool)>::_FUN(bool, bool)	0	static
../Middlewares/Third_Party/EdgeImpulse_naugtyninja-project-1_MachineLearning/edgeimpulse/edge-impulse-sdk/tensorflow/lite/micro/kernels/reduce_common.cpp:373:14:static bool tflite::GetReducer<bool>(ReduceType)::<lambda(bool, bool)>::_FUN(bool, bool)	0	static
../Middlewares/Third_Party/EdgeImpulse_naugtyninja-project-1_MachineLearning/edgeimpulse/edge-impulse-sdk/tensorflow/lite/micro/kernels/reduce_common.cpp:377:14:static bool tflite::GetReducer<bool>(ReduceType)::<lambda(bool, bool)>::_FUN(bool, bool)	0	static
../Middlewares/Third_Party/EdgeImpulse_naugtyninja-project-1_MachineLearning/edgeimpulse/edge-impulse-sdk/tensorflow/lite/micro/kernels/reduce_common.cpp:379:14:static bool tflite::GetReducer<bool>(ReduceType)::<lambda(bool, bool)>::_FUN(bool, bool)	0	static
../Middlewares/Third_Party/EdgeImpulse_naugtyninja-project-1_MachineLearning/edgeimpulse/edge-impulse-sdk/tensorflow/lite/micro/kernels/reduce_common.cpp:365:14:static float tflite::GetReducer<float>(ReduceType)::<lambda(float, float)>::_FUN(float, float)	0	static
../Middlewares/Third_Party/EdgeImpulse_naugtyninja-project-1_MachineLearning/edgeimpulse/edge-impulse-sdk/tensorflow/lite/micro/kernels/reduce_common.cpp:369:14:static float tflite::GetReducer<float>(ReduceType)::<lambda(float, float)>::_FUN(float, float)	0	static
../Middlewares/Third_Party/EdgeImpulse_naugtyninja-project-1_MachineLearning/edgeimpulse/edge-impulse-sdk/tensorflow/lite/micro/kernels/reduce_common.cpp:373:14:static float tflite::GetReducer<float>(ReduceType)::<lambda(float, float)>::_FUN(float, float)	0	static
../Middlewares/Third_Party/EdgeImpulse_naugtyninja-project-1_MachineLearning/edgeimpulse/edge-impulse-sdk/tensorflow/lite/micro/kernels/reduce_common.cpp:377:14:static float tflite::GetReducer<float>(ReduceType)::<lambda(float, float)>::_FUN(float, float)	0	static
../Middlewares/Third_Party/EdgeImpulse_naugtyninja-project-1_MachineLearning/edgeimpulse/edge-impulse-sdk/tensorflow/lite/micro/kernels/reduce_common.cpp:379:14:static float tflite::GetReducer<float>(ReduceType)::<lambda(float, float)>::_FUN(float, float)	0	static
../Middlewares/Third_Party/EdgeImpulse_naugtyninja-project-1_MachineLearning/edgeimpulse/edge-impulse-sdk/tensorflow/lite/micro/kernels/reduce_common.cpp:365:14:static signed char tflite::GetReducer<signed char>(ReduceType)::<lambda(signed char, signed char)>::_FUN(signed char, signed char)	0	static
../Middlewares/Third_Party/EdgeImpulse_naugtyninja-project-1_MachineLearning/edgeimpulse/edge-impulse-sdk/tensorflow/lite/micro/kernels/reduce_common.cpp:369:14:static signed char tflite::GetReducer<signed char>(ReduceType)::<lambda(signed char, signed char)>::_FUN(signed char, signed char)	0	static
../Middlewares/Third_Party/EdgeImpulse_naugtyninja-project-1_MachineLearning/edgeimpulse/edge-impulse-sdk/tensorflow/lite/micro/kernels/reduce_common.cpp:373:14:static signed char tflite::GetReducer<signed char>(ReduceType)::<lambda(signed char, signed char)>::_FUN(signed char, signed char)	0	static
../Middlewares/Third_Party/EdgeImpulse_naugtyninja-project-1_MachineLearning/edgeimpulse/edge-impulse-sdk/tensorflow/lite/micro/kernels/reduce_common.cpp:377:14:static signed char tflite::GetReducer<signed char>(ReduceType)::<lambda(signed char, signed char)>::_FUN(signed char, signed char)	0	static
../Middlewares/Third_Party/EdgeImpulse_naugtyninja-project-1_MachineLearning/edgeimpulse/edge-impulse-sdk/tensorflow/lite/micro/kernels/reduce_common.cpp:379:14:static signed char tflite::GetReducer<signed char>(ReduceType)::<lambda(signed char, signed char)>::_FUN(signed char, signed char)	0	static
../Middlewares/Third_Party/EdgeImpulse_naugtyninja-project-1_MachineLearning/edgeimpulse/edge-impulse-sdk/tensorflow/lite/kernels/internal/reference/reduce.h:149:18:static float tflite::reference_ops::ReduceSumImpl<float, float>(const float*, const int*, const int*, int, int, const int*, int, int*, float*)::<lambda(float, float)>::_FUN(float, float)	0	static
../Middlewares/Third_Party/EdgeImpulse_naugtyninja-project-1_MachineLearning/edgeimpulse/edge-impulse-sdk/tensorflow/lite/kernels/internal/reference/reduce.h:149:18:static long int tflite::reference_ops::ReduceSumImpl<signed char, long int>(const signed char*, const int*, const int*, int, int, const int*, int, int*, long int*)::<lambda(long int, signed char)>::_FUN(long int, signed char)	0	static
../Middlewares/Third_Party/EdgeImpulse_naugtyninja-project-1_MachineLearning/edgeimpulse/edge-impulse-sdk/tensorflow/lite/kernels/internal/reference/reduce.h:149:18:static long int tflite::reference_ops::ReduceSumImpl<short int, long int>(const short int*, const int*, const int*, int, int, const int*, int, int*, long int*)::<lambda(long int, short int)>::_FUN(long int, short int)	0	static
../Middlewares/Third_Party/EdgeImpulse_naugtyninja-project-1_MachineLearning/edgeimpulse/edge-impulse-sdk/tensorflow/lite/micro/kernels/reduce_common.cpp:351:10:static float tflite::getReducerForProd<float>()::<lambda(float, float)>::_FUN(float, float)	0	static
../Middlewares/Third_Party/EdgeImpulse_naugtyninja-project-1_MachineLearning/edgeimpulse/edge-impulse-sdk/tensorflow/lite/micro/kernels/reduce_common.cpp:351:10:static signed char tflite::getReducerForProd<signed char>()::<lambda(signed char, signed char)>::_FUN(signed char, signed char)	0	static
../Middlewares/Third_Party/EdgeImpulse_naugtyninja-project-1_MachineLearning/edgeimpulse/edge-impulse-sdk/tensorflow/lite/micro/kernels/reduce_common.cpp:34:14:TfLiteStatus tflite::PrepareSimple(TfLiteContext*, TfLiteNode*, int32_t*, int*)	48	static
../Middlewares/Third_Party/EdgeImpulse_naugtyninja-project-1_MachineLearning/edgeimpulse/edge-impulse-sdk/tensorflow/lite/micro/kernels/reduce_common.cpp:67:14:TfLiteStatus tflite::PrepareReduceHelper(TfLiteContext*, TfLiteNode*, OpDataReduce*)	40	static
../Middlewares/Third_Party/EdgeImpulse_naugtyninja-project-1_MachineLearning/edgeimpulse/edge-impulse-sdk/tensorflow/lite/micro/kernels/reduce_common.cpp:93:14:TfLiteStatus tflite::PrepareMeanOrSumHelper(TfLiteContext*, TfLiteNode*, OpDataReduce*)	32	static
../Middlewares/Third_Party/EdgeImpulse_naugtyninja-project-1_MachineLearning/edgeimpulse/edge-impulse-sdk/tensorflow/lite/micro/kernels/reduce_common.cpp:123:6:void tflite::ResolveAxis(const int*, int, MeanParams*)	4	static
../Middlewares/Third_Party/EdgeImpulse_naugtyninja-project-1_MachineLearning/edgeimpulse/edge-impulse-sdk/tensorflow/lite/micro/kernels/reduce_common.cpp:356:8:T (* tflite::getReducerForProd())(T, T) [with T = bool]	0	static
../Middlewares/Third_Party/EdgeImpulse_naugtyninja-project-1_MachineLearning/edgeimpulse/edge-impulse-sdk/tensorflow/lite/micro/kernels/kernel_util.h:71:10:const T* tflite::micro::GetTensorData(const TfLiteEvalTensor*) [with T = int]	8	static
../Middlewares/Third_Party/EdgeImpulse_naugtyninja-project-1_MachineLearning/edgeimpulse/edge-impulse-sdk/tensorflow/lite/kernels/internal/reference/reduce.h:272:13:void tflite::reference_ops::Mean(const tflite::MeanParams&, const tflite::RuntimeShape&, const T*, const tflite::RuntimeShape&, T*) [with T = float]	128	static
../Middlewares/Third_Party/EdgeImpulse_naugtyninja-project-1_MachineLearning/edgeimpulse/edge-impulse-sdk/tensorflow/lite/kernels/internal/reference/integer_ops/mean.h:26:13:void tflite::reference_integer_ops::Mean(const tflite::MeanParams&, int32_t, int32_t, const tflite::RuntimeShape&, const integer_type*, int32_t, const tflite::RuntimeShape&, integer_type*, int32_t) [with integer_type = signed char]	168	static
../Middlewares/Third_Party/EdgeImpulse_naugtyninja-project-1_MachineLearning/edgeimpulse/edge-impulse-sdk/tensorflow/lite/kernels/internal/reference/integer_ops/mean.h:26:13:void tflite::reference_integer_ops::Mean(const tflite::MeanParams&, int32_t, int32_t, const tflite::RuntimeShape&, const integer_type*, int32_t, const tflite::RuntimeShape&, integer_type*, int32_t) [with integer_type = short int]	168	static
../Middlewares/Third_Party/EdgeImpulse_naugtyninja-project-1_MachineLearning/edgeimpulse/edge-impulse-sdk/tensorflow/lite/micro/kernels/reduce_common.cpp:321:14:TfLiteStatus tflite::GetReducerInitValue(ReduceType, T&) [with T = bool]	0	static
../Middlewares/Third_Party/EdgeImpulse_naugtyninja-project-1_MachineLearning/edgeimpulse/edge-impulse-sdk/tensorflow/lite/micro/kernels/reduce_common.cpp:321:14:TfLiteStatus tflite::GetReducerInitValue(ReduceType, T&) [with T = float]	0	static
../Middlewares/Third_Party/EdgeImpulse_naugtyninja-project-1_MachineLearning/edgeimpulse/edge-impulse-sdk/tensorflow/lite/micro/kernels/reduce_common.cpp:321:14:TfLiteStatus tflite::GetReducerInitValue(ReduceType, T&) [with T = signed char]	0	static
../Middlewares/Third_Party/EdgeImpulse_naugtyninja-project-1_MachineLearning/edgeimpulse/edge-impulse-sdk/tensorflow/lite/kernels/internal/reference/reduce.h:55:13:bool tflite::reference_ops::Reduce(const In*, const int*, const int*, int, int, const int*, int, int*, Out (*)(Out, In), Out*) [with In = float; Out = float]	56	static
../Middlewares/Third_Party/EdgeImpulse_naugtyninja-project-1_MachineLearning/edgeimpulse/edge-impulse-sdk/tensorflow/lite/micro/kernels/reduce_common.cpp:386:14:TfLiteStatus tflite::EvalReduceHelper(TfLiteContext*, TfLiteNode*, OpDataReduce*, ReduceType)	104	static
../Middlewares/Third_Party/EdgeImpulse_naugtyninja-project-1_MachineLearning/edgeimpulse/edge-impulse-sdk/tensorflow/lite/kernels/internal/reference/reduce.h:55:13:bool tflite::reference_ops::Reduce(const In*, const int*, const int*, int, int, const int*, int, int*, Out (*)(Out, In), Out*) [with In = signed char; Out = long int]	56	static
../Middlewares/Third_Party/EdgeImpulse_naugtyninja-project-1_MachineLearning/edgeimpulse/edge-impulse-sdk/tensorflow/lite/kernels/internal/reference/reduce.h:378:13:bool tflite::reference_ops::QuantizedMeanOrSum(const T*, int32_t, float, const int*, int, T*, int32_t, float, const int*, int, const int*, int, bool, int*, int*, U*, bool) [with T = signed char; U = long int]	88	static
../Middlewares/Third_Party/EdgeImpulse_naugtyninja-project-1_MachineLearning/edgeimpulse/edge-impulse-sdk/tensorflow/lite/kernels/internal/reference/reduce.h:55:13:bool tflite::reference_ops::Reduce(const In*, const int*, const int*, int, int, const int*, int, int*, Out (*)(Out, In), Out*) [with In = short int; Out = long int]	56	static
../Middlewares/Third_Party/EdgeImpulse_naugtyninja-project-1_MachineLearning/edgeimpulse/edge-impulse-sdk/tensorflow/lite/kernels/internal/reference/reduce.h:378:13:bool tflite::reference_ops::QuantizedMeanOrSum(const T*, int32_t, float, const int*, int, T*, int32_t, float, const int*, int, const int*, int, bool, int*, int*, U*, bool) [with T = short int; U = long int]	88	static
../Middlewares/Third_Party/EdgeImpulse_naugtyninja-project-1_MachineLearning/edgeimpulse/edge-impulse-sdk/tensorflow/lite/micro/kernels/reduce_common.cpp:257:14:TfLiteStatus tflite::EvalSumHelper(TfLiteContext*, TfLiteNode*, OpDataReduce*)	152	static
../Middlewares/Third_Party/EdgeImpulse_naugtyninja-project-1_MachineLearning/edgeimpulse/edge-impulse-sdk/tensorflow/lite/micro/kernels/reduce_common.cpp:135:14:TfLiteStatus tflite::EvalMeanHelper(TfLiteContext*, TfLiteNode*, OpDataReduce*)	304	static
