../Middlewares/Third_Party/EdgeImpulse_naugtyninja-project-1_MachineLearning/edgeimpulse/edge-impulse-sdk/tensorflow/lite/micro/kernels/softmax_common.cpp:68:9:static float tflite::{anonymous}::InitializeLutForInt16(TfLiteContext*, const TfLiteTensor*, TfLiteTensor*, tflite::SoftmaxParams*)::<lambda(float)>::_FUN(float)	0	static
../Middlewares/Third_Party/EdgeImpulse_naugtyninja-project-1_MachineLearning/edgeimpulse/edge-impulse-sdk/tensorflow/lite/micro/kernels/softmax_common.cpp:64:9:static float tflite::{anonymous}::InitializeLutForInt16(TfLiteContext*, const TfLiteTensor*, TfLiteTensor*, tflite::SoftmaxParams*)::<lambda(float)>::_FUN(float)	8	static
../Middlewares/Third_Party/EdgeImpulse_naugtyninja-project-1_MachineLearning/edgeimpulse/edge-impulse-sdk/tensorflow/lite/micro/kernels/softmax_common.cpp:80:14:TfLiteStatus tflite::CalculateSoftmaxParams(TfLiteContext*, const TfLiteTensor*, TfLiteTensor*, const TfLiteSoftmaxParams*, SoftmaxParams*)	120	static
../Middlewares/Third_Party/EdgeImpulse_naugtyninja-project-1_MachineLearning/edgeimpulse/edge-impulse-sdk/tensorflow/lite/micro/kernels/softmax_common.cpp:167:7:void* tflite::SoftmaxInit(TfLiteContext*, const char*, size_t)	8	static
../Middlewares/Third_Party/EdgeImpulse_naugtyninja-project-1_MachineLearning/edgeimpulse/edge-impulse-sdk/tensorflow/lite/micro/kernels/softmax_common.cpp:172:14:TfLiteStatus tflite::SoftmaxPrepare(TfLiteContext*, TfLiteNode*)	40	static
