../Middlewares/Third_Party/EdgeImpulse_naugtyninja-project-1_MachineLearning/edgeimpulse/edge-impulse-sdk/tensorflow/lite/micro/kernels/squared_difference.cpp:36:3:T tflite::{anonymous}::SquaredDifference(T, T) [with T = float]	0	static
../Middlewares/Third_Party/EdgeImpulse_naugtyninja-project-1_MachineLearning/edgeimpulse/edge-impulse-sdk/tensorflow/lite/micro/kernels/squared_difference.cpp:36:3:T tflite::{anonymous}::SquaredDifference(T, T) [with T = long int]	0	static
../Middlewares/Third_Party/EdgeImpulse_naugtyninja-project-1_MachineLearning/edgeimpulse/edge-impulse-sdk/tensorflow/lite/kernels/internal/reference/integer_ops/add.h:27:13:void tflite::reference_integer_ops::CheckArithmeticParams(const tflite::ArithmeticParams&)	8	static
../Middlewares/Third_Party/EdgeImpulse_naugtyninja-project-1_MachineLearning/edgeimpulse/edge-impulse-sdk/tensorflow/lite/micro/kernels/squared_difference.cpp:41:7:void* tflite::{anonymous}::SquaredDifferenceInit(TfLiteContext*, const char*, size_t)	8	static
../Middlewares/Third_Party/EdgeImpulse_naugtyninja-project-1_MachineLearning/edgeimpulse/edge-impulse-sdk/tensorflow/lite/micro/kernels/squared_difference.cpp:47:14:TfLiteStatus tflite::{anonymous}::SquaredDifferencePrepare(TfLiteContext*, TfLiteNode*)	64	static
../Middlewares/Third_Party/EdgeImpulse_naugtyninja-project-1_MachineLearning/edgeimpulse/edge-impulse-sdk/tensorflow/lite/micro/kernels/squared_difference.cpp:137:15:int8_t tflite::{anonymous}::SquaredDifference(int8_t, int8_t, const tflite::ArithmeticParams&)	16	static
../Middlewares/Third_Party/EdgeImpulse_naugtyninja-project-1_MachineLearning/edgeimpulse/edge-impulse-sdk/tensorflow/lite/micro/kernels/squared_difference.cpp:242:20:TfLiteRegistration tflite::Register_SQUARED_DIFFERENCE()	16	static
../Middlewares/Third_Party/EdgeImpulse_naugtyninja-project-1_MachineLearning/edgeimpulse/edge-impulse-sdk/tensorflow/lite/kernels/internal/common.h:1053:13:void tflite::NdArrayDescsForElementwiseBroadcast(const RuntimeShape&, const RuntimeShape&, NdArrayDesc<N>*, NdArrayDesc<N>*) [with int N = 4]	80	static
../Middlewares/Third_Party/EdgeImpulse_naugtyninja-project-1_MachineLearning/edgeimpulse/edge-impulse-sdk/tensorflow/lite/kernels/internal/reference/integer_ops/add.h:49:13:void tflite::reference_integer_ops::BroadcastBinaryFunction4DSlow(const tflite::ArithmeticParams&, const tflite::RuntimeShape&, const int8_t*, const tflite::RuntimeShape&, const int8_t*, const tflite::RuntimeShape&, int8_t*, void (*)(const tflite::ArithmeticParams&), int8_t (*)(int8_t, int8_t, const tflite::ArithmeticParams&))	160	static
../Middlewares/Third_Party/EdgeImpulse_naugtyninja-project-1_MachineLearning/edgeimpulse/edge-impulse-sdk/tensorflow/lite/kernels/internal/reference/binary_function.h:30:13:void tflite::reference_ops::BroadcastBinaryFunction4DSlow(const tflite::RuntimeShape&, const T1*, const tflite::RuntimeShape&, const T2*, const tflite::RuntimeShape&, R*, R (*)(T1, T2)) [with R = float; T1 = float; T2 = float]	176	static
../Middlewares/Third_Party/EdgeImpulse_naugtyninja-project-1_MachineLearning/edgeimpulse/edge-impulse-sdk/tensorflow/lite/kernels/internal/reference/binary_function.h:30:13:void tflite::reference_ops::BroadcastBinaryFunction4DSlow(const tflite::RuntimeShape&, const T1*, const tflite::RuntimeShape&, const T2*, const tflite::RuntimeShape&, R*, R (*)(T1, T2)) [with R = long int; T1 = long int; T2 = long int]	176	static
../Middlewares/Third_Party/EdgeImpulse_naugtyninja-project-1_MachineLearning/edgeimpulse/edge-impulse-sdk/tensorflow/lite/micro/kernels/squared_difference.cpp:214:14:TfLiteStatus tflite::{anonymous}::SquaredDifferenceEval(TfLiteContext*, TfLiteNode*)	440	static
