../Middlewares/Third_Party/EdgeImpulse_naugtyninja-project-1_MachineLearning/edgeimpulse/edge-impulse-sdk/tensorflow/lite/micro/kernels/topk_v2.cpp:138:14:TfLiteStatus tflite::topk_v2::Prepare(TfLiteContext*, TfLiteNode*)	48	static
C:\ST\STM32CubeIDE_2.1.1\STM32CubeIDE\plugins\com.st.stm32cube.ide.mcu.externaltools.gnu-tools-for-stm32.14.3.rel1.win32_1.0.100.202602081740\tools\bin/../lib/gcc/arm-none-eabi/14.3.1/../../../../arm-none-eabi/include/c++/14.3.1/bits/stl_heap.h:135:5:void std::__push_heap(_RandomAccessIterator, _Distance, _Distance, _Tp, _Compare&) [with _RandomAccessIterator = __gnu_cxx::__normal_iterator<long int*, vector<long int, allocator<long int> > >; _Distance = int; _Tp = long int; _Compare = __gnu_cxx::__ops::_Iter_comp_val<tflite::topk_v2::{anonymous}::TopContainer<unsigned char, long int>::push(long int)::<lambda(long int, long int)> >]	20	static
C:\ST\STM32CubeIDE_2.1.1\STM32CubeIDE\plugins\com.st.stm32cube.ide.mcu.externaltools.gnu-tools-for-stm32.14.3.rel1.win32_1.0.100.202602081740\tools\bin/../lib/gcc/arm-none-eabi/14.3.1/../../../../arm-none-eabi/include/c++/14.3.1/bits/stl_heap.h:135:5:void std::__push_heap(_RandomAccessIterator, _Distance, _Distance, _Tp, _Compare&) [with _RandomAccessIterator = __gnu_cxx::__normal_iterator<long int*, vector<long int, allocator<long int> > >; _Distance = int; _Tp = long int; _Compare = __gnu_cxx::__ops::_Iter_comp_val<tflite::topk_v2::{anonymous}::TopContainer<signed char, long int>::push(long int)::<lambda(long int, long int)> >]	20	static
C:\ST\STM32CubeIDE_2.1.1\STM32CubeIDE\plugins\com.st.stm32cube.ide.mcu.externaltools.gnu-tools-for-stm32.14.3.rel1.win32_1.0.100.202602081740\tools\bin/../lib/gcc/arm-none-eabi/14.3.1/../../../../arm-none-eabi/include/c++/14.3.1/bits/stl_heap.h:135:5:void std::__push_heap(_RandomAccessIterator, _Distance, _Distance, _Tp, _Compare&) [with _RandomAccessIterator = __gnu_cxx::__normal_iterator<short int*, vector<short int, allocator<short int> > >; _Distance = int; _Tp = short int; _Compare = __gnu_cxx::__ops::_Iter_comp_val<tflite::topk_v2::{anonymous}::TopContainer<unsigned char, short int>::push(short int)::<lambda(short int, short int)> >]	20	static
C:\ST\STM32CubeIDE_2.1.1\STM32CubeIDE\plugins\com.st.stm32cube.ide.mcu.externaltools.gnu-tools-for-stm32.14.3.rel1.win32_1.0.100.202602081740\tools\bin/../lib/gcc/arm-none-eabi/14.3.1/../../../../arm-none-eabi/include/c++/14.3.1/bits/stl_heap.h:135:5:void std::__push_heap(_RandomAccessIterator, _Distance, _Distance, _Tp, _Compare&) [with _RandomAccessIterator = __gnu_cxx::__normal_iterator<short int*, vector<short int, allocator<short int> > >; _Distance = int; _Tp = short int; _Compare = __gnu_cxx::__ops::_Iter_comp_val<tflite::topk_v2::{anonymous}::TopContainer<signed char, short int>::push(short int)::<lambda(short int, short int)> >]	20	static
C:\ST\STM32CubeIDE_2.1.1\STM32CubeIDE\plugins\com.st.stm32cube.ide.mcu.externaltools.gnu-tools-for-stm32.14.3.rel1.win32_1.0.100.202602081740\tools\bin/../lib/gcc/arm-none-eabi/14.3.1/../../../../arm-none-eabi/include/c++/14.3.1/bits/stl_heap.h:224:5:void std::__adjust_heap(_RandomAccessIterator, _Distance, _Distance, _Tp, _Compare) [with _RandomAccessIterator = __gnu_cxx::__normal_iterator<long int*, vector<long int, allocator<long int> > >; _Distance = int; _Tp = long int; _Compare = __gnu_cxx::__ops::_Iter_comp_iter<tflite::topk_v2::{anonymous}::TopContainer<unsigned char, long int>::push(long int)::<lambda(long int, long int)> >]	48	static
C:\ST\STM32CubeIDE_2.1.1\STM32CubeIDE\plugins\com.st.stm32cube.ide.mcu.externaltools.gnu-tools-for-stm32.14.3.rel1.win32_1.0.100.202602081740\tools\bin/../lib/gcc/arm-none-eabi/14.3.1/../../../../arm-none-eabi/include/c++/14.3.1/bits/stl_heap.h:224:5:void std::__adjust_heap(_RandomAccessIterator, _Distance, _Distance, _Tp, _Compare) [with _RandomAccessIterator = __gnu_cxx::__normal_iterator<long int*, vector<long int, allocator<long int> > >; _Distance = int; _Tp = long int; _Compare = __gnu_cxx::__ops::_Iter_comp_iter<tflite::topk_v2::{anonymous}::TopContainer<signed char, long int>::push(long int)::<lambda(long int, long int)> >]	48	static
C:\ST\STM32CubeIDE_2.1.1\STM32CubeIDE\plugins\com.st.stm32cube.ide.mcu.externaltools.gnu-tools-for-stm32.14.3.rel1.win32_1.0.100.202602081740\tools\bin/../lib/gcc/arm-none-eabi/14.3.1/../../../../arm-none-eabi/include/c++/14.3.1/bits/stl_heap.h:224:5:void std::__adjust_heap(_RandomAccessIterator, _Distance, _Distance, _Tp, _Compare) [with _RandomAccessIterator = __gnu_cxx::__normal_iterator<short int*, vector<short int, allocator<short int> > >; _Distance = int; _Tp = short int; _Compare = __gnu_cxx::__ops::_Iter_comp_iter<tflite::topk_v2::{anonymous}::TopContainer<unsigned char, short int>::push(short int)::<lambda(short int, short int)> >]	48	static
C:\ST\STM32CubeIDE_2.1.1\STM32CubeIDE\plugins\com.st.stm32cube.ide.mcu.externaltools.gnu-tools-for-stm32.14.3.rel1.win32_1.0.100.202602081740\tools\bin/../lib/gcc/arm-none-eabi/14.3.1/../../../../arm-none-eabi/include/c++/14.3.1/bits/stl_heap.h:224:5:void std::__adjust_heap(_RandomAccessIterator, _Distance, _Distance, _Tp, _Compare) [with _RandomAccessIterator = __gnu_cxx::__normal_iterator<short int*, vector<short int, allocator<short int> > >; _Distance = int; _Tp = short int; _Compare = __gnu_cxx::__ops::_Iter_comp_iter<tflite::topk_v2::{anonymous}::TopContainer<signed char, short int>::push(short int)::<lambda(short int, short int)> >]	48	static
C:\ST\STM32CubeIDE_2.1.1\STM32CubeIDE\plugins\com.st.stm32cube.ide.mcu.externaltools.gnu-tools-for-stm32.14.3.rel1.win32_1.0.100.202602081740\tools\bin/../lib/gcc/arm-none-eabi/14.3.1/../../../../arm-none-eabi/include/c++/14.3.1/bits/stl_algo.h:1750:5:void std::__unguarded_linear_insert(_RandomAccessIterator, _Compare) [with _RandomAccessIterator = __gnu_cxx::__normal_iterator<long int*, vector<long int, allocator<long int> > >; _Compare = __gnu_cxx::__ops::_Val_comp_iter<tflite::topk_v2::{anonymous}::TopContainer<unsigned char, long int>::sorted_result()::<lambda(long int, long int)> >]	8	static
C:\ST\STM32CubeIDE_2.1.1\STM32CubeIDE\plugins\com.st.stm32cube.ide.mcu.externaltools.gnu-tools-for-stm32.14.3.rel1.win32_1.0.100.202602081740\tools\bin/../lib/gcc/arm-none-eabi/14.3.1/../../../../arm-none-eabi/include/c++/14.3.1/bits/stl_algo.h:1750:5:void std::__unguarded_linear_insert(_RandomAccessIterator, _Compare) [with _RandomAccessIterator = __gnu_cxx::__normal_iterator<long int*, vector<long int, allocator<long int> > >; _Compare = __gnu_cxx::__ops::_Val_comp_iter<tflite::topk_v2::{anonymous}::TopContainer<signed char, long int>::sorted_result()::<lambda(long int, long int)> >]	8	static
C:\ST\STM32CubeIDE_2.1.1\STM32CubeIDE\plugins\com.st.stm32cube.ide.mcu.externaltools.gnu-tools-for-stm32.14.3.rel1.win32_1.0.100.202602081740\tools\bin/../lib/gcc/arm-none-eabi/14.3.1/../../../../arm-none-eabi/include/c++/14.3.1/bits/stl_algo.h:1750:5:void std::__unguarded_linear_insert(_RandomAccessIterator, _Compare) [with _RandomAccessIterator = __gnu_cxx::__normal_iterator<short int*, vector<short int, allocator<short int> > >; _Compare = __gnu_cxx::__ops::_Val_comp_iter<tflite::topk_v2::{anonymous}::TopContainer<unsigned char, short int>::sorted_result()::<lambda(short int, short int)> >]	8	static
C:\ST\STM32CubeIDE_2.1.1\STM32CubeIDE\plugins\com.st.stm32cube.ide.mcu.externaltools.gnu-tools-for-stm32.14.3.rel1.win32_1.0.100.202602081740\tools\bin/../lib/gcc/arm-none-eabi/14.3.1/../../../../arm-none-eabi/include/c++/14.3.1/bits/stl_algo.h:1750:5:void std::__unguarded_linear_insert(_RandomAccessIterator, _Compare) [with _RandomAccessIterator = __gnu_cxx::__normal_iterator<short int*, vector<short int, allocator<short int> > >; _Compare = __gnu_cxx::__ops::_Val_comp_iter<tflite::topk_v2::{anonymous}::TopContainer<signed char, short int>::sorted_result()::<lambda(short int, short int)> >]	8	static
C:\ST\STM32CubeIDE_2.1.1\STM32CubeIDE\plugins\com.st.stm32cube.ide.mcu.externaltools.gnu-tools-for-stm32.14.3.rel1.win32_1.0.100.202602081740\tools\bin/../lib/gcc/arm-none-eabi/14.3.1/../../../../arm-none-eabi/include/c++/14.3.1/bits/stl_heap.h:224:5:void std::__adjust_heap(_RandomAccessIterator, _Distance, _Distance, _Tp, _Compare) [with _RandomAccessIterator = __gnu_cxx::__normal_iterator<long int*, vector<long int, allocator<long int> > >; _Distance = int; _Tp = long int; _Compare = __gnu_cxx::__ops::_Iter_comp_iter<tflite::topk_v2::{anonymous}::TopContainer<unsigned char, long int>::sorted_result()::<lambda(long int, long int)> >]	32	static
C:\ST\STM32CubeIDE_2.1.1\STM32CubeIDE\plugins\com.st.stm32cube.ide.mcu.externaltools.gnu-tools-for-stm32.14.3.rel1.win32_1.0.100.202602081740\tools\bin/../lib/gcc/arm-none-eabi/14.3.1/../../../../arm-none-eabi/include/c++/14.3.1/bits/stl_heap.h:419:5:void std::__sort_heap(_RandomAccessIterator, _RandomAccessIterator, _Compare&) [with _RandomAccessIterator = __gnu_cxx::__normal_iterator<long int*, vector<long int, allocator<long int> > >; _Compare = __gnu_cxx::__ops::_Iter_comp_iter<tflite::topk_v2::{anonymous}::TopContainer<unsigned char, long int>::sorted_result()::<lambda(long int, long int)> >]	32	static
C:\ST\STM32CubeIDE_2.1.1\STM32CubeIDE\plugins\com.st.stm32cube.ide.mcu.externaltools.gnu-tools-for-stm32.14.3.rel1.win32_1.0.100.202602081740\tools\bin/../lib/gcc/arm-none-eabi/14.3.1/../../../../arm-none-eabi/include/c++/14.3.1/bits/stl_heap.h:224:5:void std::__adjust_heap(_RandomAccessIterator, _Distance, _Distance, _Tp, _Compare) [with _RandomAccessIterator = __gnu_cxx::__normal_iterator<long int*, vector<long int, allocator<long int> > >; _Distance = int; _Tp = long int; _Compare = __gnu_cxx::__ops::_Iter_comp_iter<tflite::topk_v2::{anonymous}::TopContainer<signed char, long int>::sorted_result()::<lambda(long int, long int)> >]	32	static
C:\ST\STM32CubeIDE_2.1.1\STM32CubeIDE\plugins\com.st.stm32cube.ide.mcu.externaltools.gnu-tools-for-stm32.14.3.rel1.win32_1.0.100.202602081740\tools\bin/../lib/gcc/arm-none-eabi/14.3.1/../../../../arm-none-eabi/include/c++/14.3.1/bits/stl_heap.h:419:5:void std::__sort_heap(_RandomAccessIterator, _RandomAccessIterator, _Compare&) [with _RandomAccessIterator = __gnu_cxx::__normal_iterator<long int*, vector<long int, allocator<long int> > >; _Compare = __gnu_cxx::__ops::_Iter_comp_iter<tflite::topk_v2::{anonymous}::TopContainer<signed char, long int>::sorted_result()::<lambda(long int, long int)> >]	32	static
C:\ST\STM32CubeIDE_2.1.1\STM32CubeIDE\plugins\com.st.stm32cube.ide.mcu.externaltools.gnu-tools-for-stm32.14.3.rel1.win32_1.0.100.202602081740\tools\bin/../lib/gcc/arm-none-eabi/14.3.1/../../../../arm-none-eabi/include/c++/14.3.1/bits/stl_heap.h:224:5:void std::__adjust_heap(_RandomAccessIterator, _Distance, _Distance, _Tp, _Compare) [with _RandomAccessIterator = __gnu_cxx::__normal_iterator<short int*, vector<short int, allocator<short int> > >; _Distance = int; _Tp = short int; _Compare = __gnu_cxx::__ops::_Iter_comp_iter<tflite::topk_v2::{anonymous}::TopContainer<unsigned char, short int>::sorted_result()::<lambda(short int, short int)> >]	28	static
C:\ST\STM32CubeIDE_2.1.1\STM32CubeIDE\plugins\com.st.stm32cube.ide.mcu.externaltools.gnu-tools-for-stm32.14.3.rel1.win32_1.0.100.202602081740\tools\bin/../lib/gcc/arm-none-eabi/14.3.1/../../../../arm-none-eabi/include/c++/14.3.1/bits/stl_heap.h:419:5:void std::__sort_heap(_RandomAccessIterator, _RandomAccessIterator, _Compare&) [with _RandomAccessIterator = __gnu_cxx::__normal_iterator<short int*, vector<short int, allocator<short int> > >; _Compare = __gnu_cxx::__ops::_Iter_comp_iter<tflite::topk_v2::{anonymous}::TopContainer<unsigned char, short int>::sorted_result()::<lambda(short int, short int)> >]	32	static
C:\ST\STM32CubeIDE_2.1.1\STM32CubeIDE\plugins\com.st.stm32cube.ide.mcu.externaltools.gnu-tools-for-stm32.14.3.rel1.win32_1.0.100.202602081740\tools\bin/../lib/gcc/arm-none-eabi/14.3.1/../../../../arm-none-eabi/include/c++/14.3.1/bits/stl_heap.h:224:5:void std::__adjust_heap(_RandomAccessIterator, _Distance, _Distance, _Tp, _Compare) [with _RandomAccessIterator = __gnu_cxx::__normal_iterator<short int*, vector<short int, allocator<short int> > >; _Distance = int; _Tp = short int; _Compare = __gnu_cxx::__ops::_Iter_comp_iter<tflite::topk_v2::{anonymous}::TopContainer<signed char, short int>::sorted_result()::<lambda(short int, short int)> >]	28	static
C:\ST\STM32CubeIDE_2.1.1\STM32CubeIDE\plugins\com.st.stm32cube.ide.mcu.externaltools.gnu-tools-for-stm32.14.3.rel1.win32_1.0.100.202602081740\tools\bin/../lib/gcc/arm-none-eabi/14.3.1/../../../../arm-none-eabi/include/c++/14.3.1/bits/stl_heap.h:419:5:void std::__sort_heap(_RandomAccessIterator, _RandomAccessIterator, _Compare&) [with _RandomAccessIterator = __gnu_cxx::__normal_iterator<short int*, vector<short int, allocator<short int> > >; _Compare = __gnu_cxx::__ops::_Iter_comp_iter<tflite::topk_v2::{anonymous}::TopContainer<signed char, short int>::sorted_result()::<lambda(short int, short int)> >]	32	static
C:\ST\STM32CubeIDE_2.1.1\STM32CubeIDE\plugins\com.st.stm32cube.ide.mcu.externaltools.gnu-tools-for-stm32.14.3.rel1.win32_1.0.100.202602081740\tools\bin/../lib/gcc/arm-none-eabi/14.3.1/../../../../arm-none-eabi/include/c++/14.3.1/bits/stl_algo.h:1750:5:void std::__unguarded_linear_insert(_RandomAccessIterator, _Compare) [with _RandomAccessIterator = __gnu_cxx::__normal_iterator<long int*, vector<long int, allocator<long int> > >; _Compare = __gnu_cxx::__ops::_Val_comp_iter<tflite::topk_v2::{anonymous}::TopContainer<float, long int>::sorted_result()::<lambda(long int, long int)> >]	12	static
C:\ST\STM32CubeIDE_2.1.1\STM32CubeIDE\plugins\com.st.stm32cube.ide.mcu.externaltools.gnu-tools-for-stm32.14.3.rel1.win32_1.0.100.202602081740\tools\bin/../lib/gcc/arm-none-eabi/14.3.1/../../../../arm-none-eabi/include/c++/14.3.1/bits/stl_algo.h:1750:5:void std::__unguarded_linear_insert(_RandomAccessIterator, _Compare) [with _RandomAccessIterator = __gnu_cxx::__normal_iterator<long int*, vector<long int, allocator<long int> > >; _Compare = __gnu_cxx::__ops::_Val_comp_iter<tflite::topk_v2::{anonymous}::TopContainer<short int, long int>::sorted_result()::<lambda(long int, long int)> >]	12	static
C:\ST\STM32CubeIDE_2.1.1\STM32CubeIDE\plugins\com.st.stm32cube.ide.mcu.externaltools.gnu-tools-for-stm32.14.3.rel1.win32_1.0.100.202602081740\tools\bin/../lib/gcc/arm-none-eabi/14.3.1/../../../../arm-none-eabi/include/c++/14.3.1/bits/stl_algo.h:1750:5:void std::__unguarded_linear_insert(_RandomAccessIterator, _Compare) [with _RandomAccessIterator = __gnu_cxx::__normal_iterator<long int*, vector<long int, allocator<long int> > >; _Compare = __gnu_cxx::__ops::_Val_comp_iter<tflite::topk_v2::{anonymous}::TopContainer<long int, long int>::sorted_result()::<lambda(long int, long int)> >]	12	static
C:\ST\STM32CubeIDE_2.1.1\STM32CubeIDE\plugins\com.st.stm32cube.ide.mcu.externaltools.gnu-tools-for-stm32.14.3.rel1.win32_1.0.100.202602081740\tools\bin/../lib/gcc/arm-none-eabi/14.3.1/../../../../arm-none-eabi/include/c++/14.3.1/bits/stl_algo.h:1750:5:void std::__unguarded_linear_insert(_RandomAccessIterator, _Compare) [with _RandomAccessIterator = __gnu_cxx::__normal_iterator<short int*, vector<short int, allocator<short int> > >; _Compare = __gnu_cxx::__ops::_Val_comp_iter<tflite::topk_v2::{anonymous}::TopContainer<float, short int>::sorted_result()::<lambda(short int, short int)> >]	12	static
C:\ST\STM32CubeIDE_2.1.1\STM32CubeIDE\plugins\com.st.stm32cube.ide.mcu.externaltools.gnu-tools-for-stm32.14.3.rel1.win32_1.0.100.202602081740\tools\bin/../lib/gcc/arm-none-eabi/14.3.1/../../../../arm-none-eabi/include/c++/14.3.1/bits/stl_algo.h:1750:5:void std::__unguarded_linear_insert(_RandomAccessIterator, _Compare) [with _RandomAccessIterator = __gnu_cxx::__normal_iterator<short int*, vector<short int, allocator<short int> > >; _Compare = __gnu_cxx::__ops::_Val_comp_iter<tflite::topk_v2::{anonymous}::TopContainer<short int, short int>::sorted_result()::<lambda(short int, short int)> >]	12	static
C:\ST\STM32CubeIDE_2.1.1\STM32CubeIDE\plugins\com.st.stm32cube.ide.mcu.externaltools.gnu-tools-for-stm32.14.3.rel1.win32_1.0.100.202602081740\tools\bin/../lib/gcc/arm-none-eabi/14.3.1/../../../../arm-none-eabi/include/c++/14.3.1/bits/stl_algo.h:1750:5:void std::__unguarded_linear_insert(_RandomAccessIterator, _Compare) [with _RandomAccessIterator = __gnu_cxx::__normal_iterator<short int*, vector<short int, allocator<short int> > >; _Compare = __gnu_cxx::__ops::_Val_comp_iter<tflite::topk_v2::{anonymous}::TopContainer<long int, short int>::sorted_result()::<lambda(short int, short int)> >]	12	static
C:\ST\STM32CubeIDE_2.1.1\STM32CubeIDE\plugins\com.st.stm32cube.ide.mcu.externaltools.gnu-tools-for-stm32.14.3.rel1.win32_1.0.100.202602081740\tools\bin/../lib/gcc/arm-none-eabi/14.3.1/../../../../arm-none-eabi/include/c++/14.3.1/bits/stl_heap.h:135:5:void std::__push_heap(_RandomAccessIterator, _Distance, _Distance, _Tp, _Compare&) [with _RandomAccessIterator = __gnu_cxx::__normal_iterator<long int*, vector<long int, allocator<long int> > >; _Distance = int; _Tp = long int; _Compare = __gnu_cxx::__ops::_Iter_comp_val<tflite::topk_v2::{anonymous}::TopContainer<float, long int>::push(long int)::<lambda(long int, long int)> >]	20	static
C:\ST\STM32CubeIDE_2.1.1\STM32CubeIDE\plugins\com.st.stm32cube.ide.mcu.externaltools.gnu-tools-for-stm32.14.3.rel1.win32_1.0.100.202602081740\tools\bin/../lib/gcc/arm-none-eabi/14.3.1/../../../../arm-none-eabi/include/c++/14.3.1/bits/stl_heap.h:135:5:void std::__push_heap(_RandomAccessIterator, _Distance, _Distance, _Tp, _Compare&) [with _RandomAccessIterator = __gnu_cxx::__normal_iterator<long int*, vector<long int, allocator<long int> > >; _Distance = int; _Tp = long int; _Compare = __gnu_cxx::__ops::_Iter_comp_val<tflite::topk_v2::{anonymous}::TopContainer<short int, long int>::push(long int)::<lambda(long int, long int)> >]	24	static
C:\ST\STM32CubeIDE_2.1.1\STM32CubeIDE\plugins\com.st.stm32cube.ide.mcu.externaltools.gnu-tools-for-stm32.14.3.rel1.win32_1.0.100.202602081740\tools\bin/../lib/gcc/arm-none-eabi/14.3.1/../../../../arm-none-eabi/include/c++/14.3.1/bits/stl_heap.h:135:5:void std::__push_heap(_RandomAccessIterator, _Distance, _Distance, _Tp, _Compare&) [with _RandomAccessIterator = __gnu_cxx::__normal_iterator<long int*, vector<long int, allocator<long int> > >; _Distance = int; _Tp = long int; _Compare = __gnu_cxx::__ops::_Iter_comp_val<tflite::topk_v2::{anonymous}::TopContainer<long int, long int>::push(long int)::<lambda(long int, long int)> >]	24	static
C:\ST\STM32CubeIDE_2.1.1\STM32CubeIDE\plugins\com.st.stm32cube.ide.mcu.externaltools.gnu-tools-for-stm32.14.3.rel1.win32_1.0.100.202602081740\tools\bin/../lib/gcc/arm-none-eabi/14.3.1/../../../../arm-none-eabi/include/c++/14.3.1/bits/stl_heap.h:135:5:void std::__push_heap(_RandomAccessIterator, _Distance, _Distance, _Tp, _Compare&) [with _RandomAccessIterator = __gnu_cxx::__normal_iterator<short int*, vector<short int, allocator<short int> > >; _Distance = int; _Tp = short int; _Compare = __gnu_cxx::__ops::_Iter_comp_val<tflite::topk_v2::{anonymous}::TopContainer<float, short int>::push(short int)::<lambda(short int, short int)> >]	20	static
C:\ST\STM32CubeIDE_2.1.1\STM32CubeIDE\plugins\com.st.stm32cube.ide.mcu.externaltools.gnu-tools-for-stm32.14.3.rel1.win32_1.0.100.202602081740\tools\bin/../lib/gcc/arm-none-eabi/14.3.1/../../../../arm-none-eabi/include/c++/14.3.1/bits/stl_heap.h:135:5:void std::__push_heap(_RandomAccessIterator, _Distance, _Distance, _Tp, _Compare&) [with _RandomAccessIterator = __gnu_cxx::__normal_iterator<short int*, vector<short int, allocator<short int> > >; _Distance = int; _Tp = short int; _Compare = __gnu_cxx::__ops::_Iter_comp_val<tflite::topk_v2::{anonymous}::TopContainer<short int, short int>::push(short int)::<lambda(short int, short int)> >]	24	static
C:\ST\STM32CubeIDE_2.1.1\STM32CubeIDE\plugins\com.st.stm32cube.ide.mcu.externaltools.gnu-tools-for-stm32.14.3.rel1.win32_1.0.100.202602081740\tools\bin/../lib/gcc/arm-none-eabi/14.3.1/../../../../arm-none-eabi/include/c++/14.3.1/bits/stl_heap.h:135:5:void std::__push_heap(_RandomAccessIterator, _Distance, _Distance, _Tp, _Compare&) [with _RandomAccessIterator = __gnu_cxx::__normal_iterator<short int*, vector<short int, allocator<short int> > >; _Distance = int; _Tp = short int; _Compare = __gnu_cxx::__ops::_Iter_comp_val<tflite::topk_v2::{anonymous}::TopContainer<long int, short int>::push(short int)::<lambda(short int, short int)> >]	24	static
C:\ST\STM32CubeIDE_2.1.1\STM32CubeIDE\plugins\com.st.stm32cube.ide.mcu.externaltools.gnu-tools-for-stm32.14.3.rel1.win32_1.0.100.202602081740\tools\bin/../lib/gcc/arm-none-eabi/14.3.1/../../../../arm-none-eabi/include/c++/14.3.1/bits/stl_algo.h:1750:5:void std::__unguarded_linear_insert(_RandomAccessIterator, _Compare) [with _RandomAccessIterator = __gnu_cxx::__normal_iterator<long int*, vector<long int, allocator<long int> > >; _Compare = __gnu_cxx::__ops::_Val_comp_iter<tflite::topk_v2::{anonymous}::TopContainer<long long int, long int>::sorted_result()::<lambda(long int, long int)> >]	24	static
C:\ST\STM32CubeIDE_2.1.1\STM32CubeIDE\plugins\com.st.stm32cube.ide.mcu.externaltools.gnu-tools-for-stm32.14.3.rel1.win32_1.0.100.202602081740\tools\bin/../lib/gcc/arm-none-eabi/14.3.1/../../../../arm-none-eabi/include/c++/14.3.1/bits/stl_algo.h:1750:5:void std::__unguarded_linear_insert(_RandomAccessIterator, _Compare) [with _RandomAccessIterator = __gnu_cxx::__normal_iterator<short int*, vector<short int, allocator<short int> > >; _Compare = __gnu_cxx::__ops::_Val_comp_iter<tflite::topk_v2::{anonymous}::TopContainer<long long int, short int>::sorted_result()::<lambda(short int, short int)> >]	24	static
C:\ST\STM32CubeIDE_2.1.1\STM32CubeIDE\plugins\com.st.stm32cube.ide.mcu.externaltools.gnu-tools-for-stm32.14.3.rel1.win32_1.0.100.202602081740\tools\bin/../lib/gcc/arm-none-eabi/14.3.1/../../../../arm-none-eabi/include/c++/14.3.1/bits/stl_heap.h:224:5:void std::__adjust_heap(_RandomAccessIterator, _Distance, _Distance, _Tp, _Compare) [with _RandomAccessIterator = __gnu_cxx::__normal_iterator<long int*, vector<long int, allocator<long int> > >; _Distance = int; _Tp = long int; _Compare = __gnu_cxx::__ops::_Iter_comp_iter<tflite::topk_v2::{anonymous}::TopContainer<float, long int>::push(long int)::<lambda(long int, long int)> >]	48	static
C:\ST\STM32CubeIDE_2.1.1\STM32CubeIDE\plugins\com.st.stm32cube.ide.mcu.externaltools.gnu-tools-for-stm32.14.3.rel1.win32_1.0.100.202602081740\tools\bin/../lib/gcc/arm-none-eabi/14.3.1/../../../../arm-none-eabi/include/c++/14.3.1/bits/stl_heap.h:224:5:void std::__adjust_heap(_RandomAccessIterator, _Distance, _Distance, _Tp, _Compare) [with _RandomAccessIterator = __gnu_cxx::__normal_iterator<long int*, vector<long int, allocator<long int> > >; _Distance = int; _Tp = long int; _Compare = __gnu_cxx::__ops::_Iter_comp_iter<tflite::topk_v2::{anonymous}::TopContainer<float, long int>::sorted_result()::<lambda(long int, long int)> >]	32	static
C:\ST\STM32CubeIDE_2.1.1\STM32CubeIDE\plugins\com.st.stm32cube.ide.mcu.externaltools.gnu-tools-for-stm32.14.3.rel1.win32_1.0.100.202602081740\tools\bin/../lib/gcc/arm-none-eabi/14.3.1/../../../../arm-none-eabi/include/c++/14.3.1/bits/stl_heap.h:419:5:void std::__sort_heap(_RandomAccessIterator, _RandomAccessIterator, _Compare&) [with _RandomAccessIterator = __gnu_cxx::__normal_iterator<long int*, vector<long int, allocator<long int> > >; _Compare = __gnu_cxx::__ops::_Iter_comp_iter<tflite::topk_v2::{anonymous}::TopContainer<float, long int>::sorted_result()::<lambda(long int, long int)> >]	32	static
C:\ST\STM32CubeIDE_2.1.1\STM32CubeIDE\plugins\com.st.stm32cube.ide.mcu.externaltools.gnu-tools-for-stm32.14.3.rel1.win32_1.0.100.202602081740\tools\bin/../lib/gcc/arm-none-eabi/14.3.1/../../../../arm-none-eabi/include/c++/14.3.1/bits/stl_heap.h:224:5:void std::__adjust_heap(_RandomAccessIterator, _Distance, _Distance, _Tp, _Compare) [with _RandomAccessIterator = __gnu_cxx::__normal_iterator<long int*, vector<long int, allocator<long int> > >; _Distance = int; _Tp = long int; _Compare = __gnu_cxx::__ops::_Iter_comp_iter<tflite::topk_v2::{anonymous}::TopContainer<short int, long int>::push(long int)::<lambda(long int, long int)> >]	48	static
C:\ST\STM32CubeIDE_2.1.1\STM32CubeIDE\plugins\com.st.stm32cube.ide.mcu.externaltools.gnu-tools-for-stm32.14.3.rel1.win32_1.0.100.202602081740\tools\bin/../lib/gcc/arm-none-eabi/14.3.1/../../../../arm-none-eabi/include/c++/14.3.1/bits/stl_heap.h:224:5:void std::__adjust_heap(_RandomAccessIterator, _Distance, _Distance, _Tp, _Compare) [with _RandomAccessIterator = __gnu_cxx::__normal_iterator<long int*, vector<long int, allocator<long int> > >; _Distance = int; _Tp = long int; _Compare = __gnu_cxx::__ops::_Iter_comp_iter<tflite::topk_v2::{anonymous}::TopContainer<short int, long int>::sorted_result()::<lambda(long int, long int)> >]	32	static
C:\ST\STM32CubeIDE_2.1.1\STM32CubeIDE\plugins\com.st.stm32cube.ide.mcu.externaltools.gnu-tools-for-stm32.14.3.rel1.win32_1.0.100.202602081740\tools\bin/../lib/gcc/arm-none-eabi/14.3.1/../../../../arm-none-eabi/include/c++/14.3.1/bits/stl_heap.h:419:5:void std::__sort_heap(_RandomAccessIterator, _RandomAccessIterator, _Compare&) [with _RandomAccessIterator = __gnu_cxx::__normal_iterator<long int*, vector<long int, allocator<long int> > >; _Compare = __gnu_cxx::__ops::_Iter_comp_iter<tflite::topk_v2::{anonymous}::TopContainer<short int, long int>::sorted_result()::<lambda(long int, long int)> >]	32	static
C:\ST\STM32CubeIDE_2.1.1\STM32CubeIDE\plugins\com.st.stm32cube.ide.mcu.externaltools.gnu-tools-for-stm32.14.3.rel1.win32_1.0.100.202602081740\tools\bin/../lib/gcc/arm-none-eabi/14.3.1/../../../../arm-none-eabi/include/c++/14.3.1/bits/stl_heap.h:224:5:void std::__adjust_heap(_RandomAccessIterator, _Distance, _Distance, _Tp, _Compare) [with _RandomAccessIterator = __gnu_cxx::__normal_iterator<long int*, vector<long int, allocator<long int> > >; _Distance = int; _Tp = long int; _Compare = __gnu_cxx::__ops::_Iter_comp_iter<tflite::topk_v2::{anonymous}::TopContainer<long int, long int>::push(long int)::<lambda(long int, long int)> >]	48	static
C:\ST\STM32CubeIDE_2.1.1\STM32CubeIDE\plugins\com.st.stm32cube.ide.mcu.externaltools.gnu-tools-for-stm32.14.3.rel1.win32_1.0.100.202602081740\tools\bin/../lib/gcc/arm-none-eabi/14.3.1/../../../../arm-none-eabi/include/c++/14.3.1/bits/stl_heap.h:224:5:void std::__adjust_heap(_RandomAccessIterator, _Distance, _Distance, _Tp, _Compare) [with _RandomAccessIterator = __gnu_cxx::__normal_iterator<long int*, vector<long int, allocator<long int> > >; _Distance = int; _Tp = long int; _Compare = __gnu_cxx::__ops::_Iter_comp_iter<tflite::topk_v2::{anonymous}::TopContainer<long int, long int>::sorted_result()::<lambda(long int, long int)> >]	32	static
C:\ST\STM32CubeIDE_2.1.1\STM32CubeIDE\plugins\com.st.stm32cube.ide.mcu.externaltools.gnu-tools-for-stm32.14.3.rel1.win32_1.0.100.202602081740\tools\bin/../lib/gcc/arm-none-eabi/14.3.1/../../../../arm-none-eabi/include/c++/14.3.1/bits/stl_heap.h:419:5:void std::__sort_heap(_RandomAccessIterator, _RandomAccessIterator, _Compare&) [with _RandomAccessIterator = __gnu_cxx::__normal_iterator<long int*, vector<long int, allocator<long int> > >; _Compare = __gnu_cxx::__ops::_Iter_comp_iter<tflite::topk_v2::{anonymous}::TopContainer<long int, long int>::sorted_result()::<lambda(long int, long int)> >]	32	static
C:\ST\STM32CubeIDE_2.1.1\STM32CubeIDE\plugins\com.st.stm32cube.ide.mcu.externaltools.gnu-tools-for-stm32.14.3.rel1.win32_1.0.100.202602081740\tools\bin/../lib/gcc/arm-none-eabi/14.3.1/../../../../arm-none-eabi/include/c++/14.3.1/bits/stl_heap.h:224:5:void std::__adjust_heap(_RandomAccessIterator, _Distance, _Distance, _Tp, _Compare) [with _RandomAccessIterator = __gnu_cxx::__normal_iterator<short int*, vector<short int, allocator<short int> > >; _Distance = int; _Tp = short int; _Compare = __gnu_cxx::__ops::_Iter_comp_iter<tflite::topk_v2::{anonymous}::TopContainer<float, short int>::push(short int)::<lambda(short int, short int)> >]	48	static
C:\ST\STM32CubeIDE_2.1.1\STM32CubeIDE\plugins\com.st.stm32cube.ide.mcu.externaltools.gnu-tools-for-stm32.14.3.rel1.win32_1.0.100.202602081740\tools\bin/../lib/gcc/arm-none-eabi/14.3.1/../../../../arm-none-eabi/include/c++/14.3.1/bits/stl_heap.h:224:5:void std::__adjust_heap(_RandomAccessIterator, _Distance, _Distance, _Tp, _Compare) [with _RandomAccessIterator = __gnu_cxx::__normal_iterator<short int*, vector<short int, allocator<short int> > >; _Distance = int; _Tp = short int; _Compare = __gnu_cxx::__ops::_Iter_comp_iter<tflite::topk_v2::{anonymous}::TopContainer<float, short int>::sorted_result()::<lambda(short int, short int)> >]	28	static
C:\ST\STM32CubeIDE_2.1.1\STM32CubeIDE\plugins\com.st.stm32cube.ide.mcu.externaltools.gnu-tools-for-stm32.14.3.rel1.win32_1.0.100.202602081740\tools\bin/../lib/gcc/arm-none-eabi/14.3.1/../../../../arm-none-eabi/include/c++/14.3.1/bits/stl_heap.h:419:5:void std::__sort_heap(_RandomAccessIterator, _RandomAccessIterator, _Compare&) [with _RandomAccessIterator = __gnu_cxx::__normal_iterator<short int*, vector<short int, allocator<short int> > >; _Compare = __gnu_cxx::__ops::_Iter_comp_iter<tflite::topk_v2::{anonymous}::TopContainer<float, short int>::sorted_result()::<lambda(short int, short int)> >]	32	static
C:\ST\STM32CubeIDE_2.1.1\STM32CubeIDE\plugins\com.st.stm32cube.ide.mcu.externaltools.gnu-tools-for-stm32.14.3.rel1.win32_1.0.100.202602081740\tools\bin/../lib/gcc/arm-none-eabi/14.3.1/../../../../arm-none-eabi/include/c++/14.3.1/bits/stl_heap.h:224:5:void std::__adjust_heap(_RandomAccessIterator, _Distance, _Distance, _Tp, _Compare) [with _RandomAccessIterator = __gnu_cxx::__normal_iterator<short int*, vector<short int, allocator<short int> > >; _Distance = int; _Tp = short int; _Compare = __gnu_cxx::__ops::_Iter_comp_iter<tflite::topk_v2::{anonymous}::TopContainer<short int, short int>::push(short int)::<lambda(short int, short int)> >]	48	static
C:\ST\STM32CubeIDE_2.1.1\STM32CubeIDE\plugins\com.st.stm32cube.ide.mcu.externaltools.gnu-tools-for-stm32.14.3.rel1.win32_1.0.100.202602081740\tools\bin/../lib/gcc/arm-none-eabi/14.3.1/../../../../arm-none-eabi/include/c++/14.3.1/bits/stl_heap.h:224:5:void std::__adjust_heap(_RandomAccessIterator, _Distance, _Distance, _Tp, _Compare) [with _RandomAccessIterator = __gnu_cxx::__normal_iterator<short int*, vector<short int, allocator<short int> > >; _Distance = int; _Tp = short int; _Compare = __gnu_cxx::__ops::_Iter_comp_iter<tflite::topk_v2::{anonymous}::TopContainer<short int, short int>::sorted_result()::<lambda(short int, short int)> >]	28	static
C:\ST\STM32CubeIDE_2.1.1\STM32CubeIDE\plugins\com.st.stm32cube.ide.mcu.externaltools.gnu-tools-for-stm32.14.3.rel1.win32_1.0.100.202602081740\tools\bin/../lib/gcc/arm-none-eabi/14.3.1/../../../../arm-none-eabi/include/c++/14.3.1/bits/stl_heap.h:419:5:void std::__sort_heap(_RandomAccessIterator, _RandomAccessIterator, _Compare&) [with _RandomAccessIterator = __gnu_cxx::__normal_iterator<short int*, vector<short int, allocator<short int> > >; _Compare = __gnu_cxx::__ops::_Iter_comp_iter<tflite::topk_v2::{anonymous}::TopContainer<short int, short int>::sorted_result()::<lambda(short int, short int)> >]	32	static
C:\ST\STM32CubeIDE_2.1.1\STM32CubeIDE\plugins\com.st.stm32cube.ide.mcu.externaltools.gnu-tools-for-stm32.14.3.rel1.win32_1.0.100.202602081740\tools\bin/../lib/gcc/arm-none-eabi/14.3.1/../../../../arm-none-eabi/include/c++/14.3.1/bits/stl_heap.h:224:5:void std::__adjust_heap(_RandomAccessIterator, _Distance, _Distance, _Tp, _Compare) [with _RandomAccessIterator = __gnu_cxx::__normal_iterator<short int*, vector<short int, allocator<short int> > >; _Distance = int; _Tp = short int; _Compare = __gnu_cxx::__ops::_Iter_comp_iter<tflite::topk_v2::{anonymous}::TopContainer<long int, short int>::push(short int)::<lambda(short int, short int)> >]	48	static
C:\ST\STM32CubeIDE_2.1.1\STM32CubeIDE\plugins\com.st.stm32cube.ide.mcu.externaltools.gnu-tools-for-stm32.14.3.rel1.win32_1.0.100.202602081740\tools\bin/../lib/gcc/arm-none-eabi/14.3.1/../../../../arm-none-eabi/include/c++/14.3.1/bits/stl_heap.h:224:5:void std::__adjust_heap(_RandomAccessIterator, _Distance, _Distance, _Tp, _Compare) [with _RandomAccessIterator = __gnu_cxx::__normal_iterator<short int*, vector<short int, allocator<short int> > >; _Distance = int; _Tp = short int; _Compare = __gnu_cxx::__ops::_Iter_comp_iter<tflite::topk_v2::{anonymous}::TopContainer<long int, short int>::sorted_result()::<lambda(short int, short int)> >]	28	static
C:\ST\STM32CubeIDE_2.1.1\STM32CubeIDE\plugins\com.st.stm32cube.ide.mcu.externaltools.gnu-tools-for-stm32.14.3.rel1.win32_1.0.100.202602081740\tools\bin/../lib/gcc/arm-none-eabi/14.3.1/../../../../arm-none-eabi/include/c++/14.3.1/bits/stl_heap.h:419:5:void std::__sort_heap(_RandomAccessIterator, _RandomAccessIterator, _Compare&) [with _RandomAccessIterator = __gnu_cxx::__normal_iterator<short int*, vector<short int, allocator<short int> > >; _Compare = __gnu_cxx::__ops::_Iter_comp_iter<tflite::topk_v2::{anonymous}::TopContainer<long int, short int>::sorted_result()::<lambda(short int, short int)> >]	32	static
C:\ST\STM32CubeIDE_2.1.1\STM32CubeIDE\plugins\com.st.stm32cube.ide.mcu.externaltools.gnu-tools-for-stm32.14.3.rel1.win32_1.0.100.202602081740\tools\bin/../lib/gcc/arm-none-eabi/14.3.1/../../../../arm-none-eabi/include/c++/14.3.1/bits/stl_heap.h:135:5:void std::__push_heap(_RandomAccessIterator, _Distance, _Distance, _Tp, _Compare&) [with _RandomAccessIterator = __gnu_cxx::__normal_iterator<long int*, vector<long int, allocator<long int> > >; _Distance = int; _Tp = long int; _Compare = __gnu_cxx::__ops::_Iter_comp_val<tflite::topk_v2::{anonymous}::TopContainer<long long int, long int>::push(long int)::<lambda(long int, long int)> >]	32	static
C:\ST\STM32CubeIDE_2.1.1\STM32CubeIDE\plugins\com.st.stm32cube.ide.mcu.externaltools.gnu-tools-for-stm32.14.3.rel1.win32_1.0.100.202602081740\tools\bin/../lib/gcc/arm-none-eabi/14.3.1/../../../../arm-none-eabi/include/c++/14.3.1/bits/stl_heap.h:135:5:void std::__push_heap(_RandomAccessIterator, _Distance, _Distance, _Tp, _Compare&) [with _RandomAccessIterator = __gnu_cxx::__normal_iterator<short int*, vector<short int, allocator<short int> > >; _Distance = int; _Tp = short int; _Compare = __gnu_cxx::__ops::_Iter_comp_val<tflite::topk_v2::{anonymous}::TopContainer<long long int, short int>::push(short int)::<lambda(short int, short int)> >]	32	static
C:\ST\STM32CubeIDE_2.1.1\STM32CubeIDE\plugins\com.st.stm32cube.ide.mcu.externaltools.gnu-tools-for-stm32.14.3.rel1.win32_1.0.100.202602081740\tools\bin/../lib/gcc/arm-none-eabi/14.3.1/../../../../arm-none-eabi/include/c++/14.3.1/bits/stl_heap.h:224:5:void std::__adjust_heap(_RandomAccessIterator, _Distance, _Distance, _Tp, _Compare) [with _RandomAccessIterator = __gnu_cxx::__normal_iterator<long int*, vector<long int, allocator<long int> > >; _Distance = int; _Tp = long int; _Compare = __gnu_cxx::__ops::_Iter_comp_iter<tflite::topk_v2::{anonymous}::TopContainer<long long int, long int>::push(long int)::<lambda(long int, long int)> >]	64	static
C:\ST\STM32CubeIDE_2.1.1\STM32CubeIDE\plugins\com.st.stm32cube.ide.mcu.externaltools.gnu-tools-for-stm32.14.3.rel1.win32_1.0.100.202602081740\tools\bin/../lib/gcc/arm-none-eabi/14.3.1/../../../../arm-none-eabi/include/c++/14.3.1/bits/stl_heap.h:224:5:void std::__adjust_heap(_RandomAccessIterator, _Distance, _Distance, _Tp, _Compare) [with _RandomAccessIterator = __gnu_cxx::__normal_iterator<long int*, vector<long int, allocator<long int> > >; _Distance = int; _Tp = long int; _Compare = __gnu_cxx::__ops::_Iter_comp_iter<tflite::topk_v2::{anonymous}::TopContainer<long long int, long int>::sorted_result()::<lambda(long int, long int)> >]	48	static
C:\ST\STM32CubeIDE_2.1.1\STM32CubeIDE\plugins\com.st.stm32cube.ide.mcu.externaltools.gnu-tools-for-stm32.14.3.rel1.win32_1.0.100.202602081740\tools\bin/../lib/gcc/arm-none-eabi/14.3.1/../../../../arm-none-eabi/include/c++/14.3.1/bits/stl_heap.h:419:5:void std::__sort_heap(_RandomAccessIterator, _RandomAccessIterator, _Compare&) [with _RandomAccessIterator = __gnu_cxx::__normal_iterator<long int*, vector<long int, allocator<long int> > >; _Compare = __gnu_cxx::__ops::_Iter_comp_iter<tflite::topk_v2::{anonymous}::TopContainer<long long int, long int>::sorted_result()::<lambda(long int, long int)> >]	32	static
C:\ST\STM32CubeIDE_2.1.1\STM32CubeIDE\plugins\com.st.stm32cube.ide.mcu.externaltools.gnu-tools-for-stm32.14.3.rel1.win32_1.0.100.202602081740\tools\bin/../lib/gcc/arm-none-eabi/14.3.1/../../../../arm-none-eabi/include/c++/14.3.1/bits/stl_heap.h:224:5:void std::__adjust_heap(_RandomAccessIterator, _Distance, _Distance, _Tp, _Compare) [with _RandomAccessIterator = __gnu_cxx::__normal_iterator<short int*, vector<short int, allocator<short int> > >; _Distance = int; _Tp = short int; _Compare = __gnu_cxx::__ops::_Iter_comp_iter<tflite::topk_v2::{anonymous}::TopContainer<long long int, short int>::push(short int)::<lambda(short int, short int)> >]	64	static
C:\ST\STM32CubeIDE_2.1.1\STM32CubeIDE\plugins\com.st.stm32cube.ide.mcu.externaltools.gnu-tools-for-stm32.14.3.rel1.win32_1.0.100.202602081740\tools\bin/../lib/gcc/arm-none-eabi/14.3.1/../../../../arm-none-eabi/include/c++/14.3.1/bits/stl_heap.h:224:5:void std::__adjust_heap(_RandomAccessIterator, _Distance, _Distance, _Tp, _Compare) [with _RandomAccessIterator = __gnu_cxx::__normal_iterator<short int*, vector<short int, allocator<short int> > >; _Distance = int; _Tp = short int; _Compare = __gnu_cxx::__ops::_Iter_comp_iter<tflite::topk_v2::{anonymous}::TopContainer<long long int, short int>::sorted_result()::<lambda(short int, short int)> >]	48	static
C:\ST\STM32CubeIDE_2.1.1\STM32CubeIDE\plugins\com.st.stm32cube.ide.mcu.externaltools.gnu-tools-for-stm32.14.3.rel1.win32_1.0.100.202602081740\tools\bin/../lib/gcc/arm-none-eabi/14.3.1/../../../../arm-none-eabi/include/c++/14.3.1/bits/stl_heap.h:419:5:void std::__sort_heap(_RandomAccessIterator, _RandomAccessIterator, _Compare&) [with _RandomAccessIterator = __gnu_cxx::__normal_iterator<short int*, vector<short int, allocator<short int> > >; _Compare = __gnu_cxx::__ops::_Iter_comp_iter<tflite::topk_v2::{anonymous}::TopContainer<long long int, short int>::sorted_result()::<lambda(short int, short int)> >]	32	static
C:\ST\STM32CubeIDE_2.1.1\STM32CubeIDE\plugins\com.st.stm32cube.ide.mcu.externaltools.gnu-tools-for-stm32.14.3.rel1.win32_1.0.100.202602081740\tools\bin/../lib/gcc/arm-none-eabi/14.3.1/../../../../arm-none-eabi/include/c++/14.3.1/bits/stl_algo.h:1876:5:void std::__introsort_loop(_RandomAccessIterator, _RandomAccessIterator, _Size, _Compare) [with _RandomAccessIterator = __gnu_cxx::__normal_iterator<short int*, vector<short int, allocator<short int> > >; _Size = int; _Compare = __gnu_cxx::__ops::_Iter_comp_iter<tflite::topk_v2::{anonymous}::TopContainer<signed char, short int>::sorted_result()::<lambda(short int, short int)> >]	56	static
C:\ST\STM32CubeIDE_2.1.1\STM32CubeIDE\plugins\com.st.stm32cube.ide.mcu.externaltools.gnu-tools-for-stm32.14.3.rel1.win32_1.0.100.202602081740\tools\bin/../lib/gcc/arm-none-eabi/14.3.1/../../../../arm-none-eabi/include/c++/14.3.1/bits/stl_algo.h:1876:5:void std::__introsort_loop(_RandomAccessIterator, _RandomAccessIterator, _Size, _Compare) [with _RandomAccessIterator = __gnu_cxx::__normal_iterator<long int*, vector<long int, allocator<long int> > >; _Size = int; _Compare = __gnu_cxx::__ops::_Iter_comp_iter<tflite::topk_v2::{anonymous}::TopContainer<unsigned char, long int>::sorted_result()::<lambda(long int, long int)> >]	64	static
C:\ST\STM32CubeIDE_2.1.1\STM32CubeIDE\plugins\com.st.stm32cube.ide.mcu.externaltools.gnu-tools-for-stm32.14.3.rel1.win32_1.0.100.202602081740\tools\bin/../lib/gcc/arm-none-eabi/14.3.1/../../../../arm-none-eabi/include/c++/14.3.1/bits/stl_algo.h:1876:5:void std::__introsort_loop(_RandomAccessIterator, _RandomAccessIterator, _Size, _Compare) [with _RandomAccessIterator = __gnu_cxx::__normal_iterator<long int*, vector<long int, allocator<long int> > >; _Size = int; _Compare = __gnu_cxx::__ops::_Iter_comp_iter<tflite::topk_v2::{anonymous}::TopContainer<signed char, long int>::sorted_result()::<lambda(long int, long int)> >]	64	static
C:\ST\STM32CubeIDE_2.1.1\STM32CubeIDE\plugins\com.st.stm32cube.ide.mcu.externaltools.gnu-tools-for-stm32.14.3.rel1.win32_1.0.100.202602081740\tools\bin/../lib/gcc/arm-none-eabi/14.3.1/../../../../arm-none-eabi/include/c++/14.3.1/bits/stl_algo.h:1876:5:void std::__introsort_loop(_RandomAccessIterator, _RandomAccessIterator, _Size, _Compare) [with _RandomAccessIterator = __gnu_cxx::__normal_iterator<short int*, vector<short int, allocator<short int> > >; _Size = int; _Compare = __gnu_cxx::__ops::_Iter_comp_iter<tflite::topk_v2::{anonymous}::TopContainer<unsigned char, short int>::sorted_result()::<lambda(short int, short int)> >]	56	static
C:\ST\STM32CubeIDE_2.1.1\STM32CubeIDE\plugins\com.st.stm32cube.ide.mcu.externaltools.gnu-tools-for-stm32.14.3.rel1.win32_1.0.100.202602081740\tools\bin/../lib/gcc/arm-none-eabi/14.3.1/../../../../arm-none-eabi/include/c++/14.3.1/bits/stl_algo.h:1876:5:void std::__introsort_loop(_RandomAccessIterator, _RandomAccessIterator, _Size, _Compare) [with _RandomAccessIterator = __gnu_cxx::__normal_iterator<long int*, vector<long int, allocator<long int> > >; _Size = int; _Compare = __gnu_cxx::__ops::_Iter_comp_iter<tflite::topk_v2::{anonymous}::TopContainer<float, long int>::sorted_result()::<lambda(long int, long int)> >]	48	static
C:\ST\STM32CubeIDE_2.1.1\STM32CubeIDE\plugins\com.st.stm32cube.ide.mcu.externaltools.gnu-tools-for-stm32.14.3.rel1.win32_1.0.100.202602081740\tools\bin/../lib/gcc/arm-none-eabi/14.3.1/../../../../arm-none-eabi/include/c++/14.3.1/bits/stl_algo.h:1876:5:void std::__introsort_loop(_RandomAccessIterator, _RandomAccessIterator, _Size, _Compare) [with _RandomAccessIterator = __gnu_cxx::__normal_iterator<long int*, vector<long int, allocator<long int> > >; _Size = int; _Compare = __gnu_cxx::__ops::_Iter_comp_iter<tflite::topk_v2::{anonymous}::TopContainer<short int, long int>::sorted_result()::<lambda(long int, long int)> >]	64	static
C:\ST\STM32CubeIDE_2.1.1\STM32CubeIDE\plugins\com.st.stm32cube.ide.mcu.externaltools.gnu-tools-for-stm32.14.3.rel1.win32_1.0.100.202602081740\tools\bin/../lib/gcc/arm-none-eabi/14.3.1/../../../../arm-none-eabi/include/c++/14.3.1/bits/stl_algo.h:1876:5:void std::__introsort_loop(_RandomAccessIterator, _RandomAccessIterator, _Size, _Compare) [with _RandomAccessIterator = __gnu_cxx::__normal_iterator<long int*, vector<long int, allocator<long int> > >; _Size = int; _Compare = __gnu_cxx::__ops::_Iter_comp_iter<tflite::topk_v2::{anonymous}::TopContainer<long int, long int>::sorted_result()::<lambda(long int, long int)> >]	64	static
C:\ST\STM32CubeIDE_2.1.1\STM32CubeIDE\plugins\com.st.stm32cube.ide.mcu.externaltools.gnu-tools-for-stm32.14.3.rel1.win32_1.0.100.202602081740\tools\bin/../lib/gcc/arm-none-eabi/14.3.1/../../../../arm-none-eabi/include/c++/14.3.1/bits/stl_algo.h:1876:5:void std::__introsort_loop(_RandomAccessIterator, _RandomAccessIterator, _Size, _Compare) [with _RandomAccessIterator = __gnu_cxx::__normal_iterator<short int*, vector<short int, allocator<short int> > >; _Size = int; _Compare = __gnu_cxx::__ops::_Iter_comp_iter<tflite::topk_v2::{anonymous}::TopContainer<float, short int>::sorted_result()::<lambda(short int, short int)> >]	48	static
C:\ST\STM32CubeIDE_2.1.1\STM32CubeIDE\plugins\com.st.stm32cube.ide.mcu.externaltools.gnu-tools-for-stm32.14.3.rel1.win32_1.0.100.202602081740\tools\bin/../lib/gcc/arm-none-eabi/14.3.1/../../../../arm-none-eabi/include/c++/14.3.1/bits/stl_algo.h:1876:5:void std::__introsort_loop(_RandomAccessIterator, _RandomAccessIterator, _Size, _Compare) [with _RandomAccessIterator = __gnu_cxx::__normal_iterator<short int*, vector<short int, allocator<short int> > >; _Size = int; _Compare = __gnu_cxx::__ops::_Iter_comp_iter<tflite::topk_v2::{anonymous}::TopContainer<short int, short int>::sorted_result()::<lambda(short int, short int)> >]	56	static
C:\ST\STM32CubeIDE_2.1.1\STM32CubeIDE\plugins\com.st.stm32cube.ide.mcu.externaltools.gnu-tools-for-stm32.14.3.rel1.win32_1.0.100.202602081740\tools\bin/../lib/gcc/arm-none-eabi/14.3.1/../../../../arm-none-eabi/include/c++/14.3.1/bits/stl_algo.h:1876:5:void std::__introsort_loop(_RandomAccessIterator, _RandomAccessIterator, _Size, _Compare) [with _RandomAccessIterator = __gnu_cxx::__normal_iterator<short int*, vector<short int, allocator<short int> > >; _Size = int; _Compare = __gnu_cxx::__ops::_Iter_comp_iter<tflite::topk_v2::{anonymous}::TopContainer<long int, short int>::sorted_result()::<lambda(short int, short int)> >]	56	static
C:\ST\STM32CubeIDE_2.1.1\STM32CubeIDE\plugins\com.st.stm32cube.ide.mcu.externaltools.gnu-tools-for-stm32.14.3.rel1.win32_1.0.100.202602081740\tools\bin/../lib/gcc/arm-none-eabi/14.3.1/../../../../arm-none-eabi/include/c++/14.3.1/bits/stl_algo.h:1876:5:void std::__introsort_loop(_RandomAccessIterator, _RandomAccessIterator, _Size, _Compare) [with _RandomAccessIterator = __gnu_cxx::__normal_iterator<short int*, vector<short int, allocator<short int> > >; _Size = int; _Compare = __gnu_cxx::__ops::_Iter_comp_iter<tflite::topk_v2::{anonymous}::TopContainer<long long int, short int>::sorted_result()::<lambda(short int, short int)> >]	72	static
C:\ST\STM32CubeIDE_2.1.1\STM32CubeIDE\plugins\com.st.stm32cube.ide.mcu.externaltools.gnu-tools-for-stm32.14.3.rel1.win32_1.0.100.202602081740\tools\bin/../lib/gcc/arm-none-eabi/14.3.1/../../../../arm-none-eabi/include/c++/14.3.1/bits/stl_algo.h:1876:5:void std::__introsort_loop(_RandomAccessIterator, _RandomAccessIterator, _Size, _Compare) [with _RandomAccessIterator = __gnu_cxx::__normal_iterator<long int*, vector<long int, allocator<long int> > >; _Size = int; _Compare = __gnu_cxx::__ops::_Iter_comp_iter<tflite::topk_v2::{anonymous}::TopContainer<long long int, long int>::sorted_result()::<lambda(long int, long int)> >]	72	static
C:\ST\STM32CubeIDE_2.1.1\STM32CubeIDE\plugins\com.st.stm32cube.ide.mcu.externaltools.gnu-tools-for-stm32.14.3.rel1.win32_1.0.100.202602081740\tools\bin/../lib/gcc/arm-none-eabi/14.3.1/../../../../arm-none-eabi/include/c++/14.3.1/bits/stl_algo.h:1770:5:void std::__insertion_sort(_RandomAccessIterator, _RandomAccessIterator, _Compare) [with _RandomAccessIterator = __gnu_cxx::__normal_iterator<short int*, vector<short int, allocator<short int> > >; _Compare = __gnu_cxx::__ops::_Iter_comp_iter<tflite::topk_v2::{anonymous}::TopContainer<long int, short int>::sorted_result()::<lambda(short int, short int)> >]	24	static
C:\ST\STM32CubeIDE_2.1.1\STM32CubeIDE\plugins\com.st.stm32cube.ide.mcu.externaltools.gnu-tools-for-stm32.14.3.rel1.win32_1.0.100.202602081740\tools\bin/../lib/gcc/arm-none-eabi/14.3.1/../../../../arm-none-eabi/include/c++/14.3.1/bits/stl_algo.h:1770:5:void std::__insertion_sort(_RandomAccessIterator, _RandomAccessIterator, _Compare) [with _RandomAccessIterator = __gnu_cxx::__normal_iterator<short int*, vector<short int, allocator<short int> > >; _Compare = __gnu_cxx::__ops::_Iter_comp_iter<tflite::topk_v2::{anonymous}::TopContainer<short int, short int>::sorted_result()::<lambda(short int, short int)> >]	24	static
C:\ST\STM32CubeIDE_2.1.1\STM32CubeIDE\plugins\com.st.stm32cube.ide.mcu.externaltools.gnu-tools-for-stm32.14.3.rel1.win32_1.0.100.202602081740\tools\bin/../lib/gcc/arm-none-eabi/14.3.1/../../../../arm-none-eabi/include/c++/14.3.1/bits/stl_algo.h:1770:5:void std::__insertion_sort(_RandomAccessIterator, _RandomAccessIterator, _Compare) [with _RandomAccessIterator = __gnu_cxx::__normal_iterator<short int*, vector<short int, allocator<short int> > >; _Compare = __gnu_cxx::__ops::_Iter_comp_iter<tflite::topk_v2::{anonymous}::TopContainer<signed char, short int>::sorted_result()::<lambda(short int, short int)> >]	24	static
C:\ST\STM32CubeIDE_2.1.1\STM32CubeIDE\plugins\com.st.stm32cube.ide.mcu.externaltools.gnu-tools-for-stm32.14.3.rel1.win32_1.0.100.202602081740\tools\bin/../lib/gcc/arm-none-eabi/14.3.1/../../../../arm-none-eabi/include/c++/14.3.1/bits/stl_algo.h:1770:5:void std::__insertion_sort(_RandomAccessIterator, _RandomAccessIterator, _Compare) [with _RandomAccessIterator = __gnu_cxx::__normal_iterator<short int*, vector<short int, allocator<short int> > >; _Compare = __gnu_cxx::__ops::_Iter_comp_iter<tflite::topk_v2::{anonymous}::TopContainer<unsigned char, short int>::sorted_result()::<lambda(short int, short int)> >]	24	static
C:\ST\STM32CubeIDE_2.1.1\STM32CubeIDE\plugins\com.st.stm32cube.ide.mcu.externaltools.gnu-tools-for-stm32.14.3.rel1.win32_1.0.100.202602081740\tools\bin/../lib/gcc/arm-none-eabi/14.3.1/../../../../arm-none-eabi/include/c++/14.3.1/bits/stl_algo.h:1770:5:void std::__insertion_sort(_RandomAccessIterator, _RandomAccessIterator, _Compare) [with _RandomAccessIterator = __gnu_cxx::__normal_iterator<short int*, vector<short int, allocator<short int> > >; _Compare = __gnu_cxx::__ops::_Iter_comp_iter<tflite::topk_v2::{anonymous}::TopContainer<float, short int>::sorted_result()::<lambda(short int, short int)> >]	24	static
C:\ST\STM32CubeIDE_2.1.1\STM32CubeIDE\plugins\com.st.stm32cube.ide.mcu.externaltools.gnu-tools-for-stm32.14.3.rel1.win32_1.0.100.202602081740\tools\bin/../lib/gcc/arm-none-eabi/14.3.1/../../../../arm-none-eabi/include/c++/14.3.1/bits/stl_algo.h:1770:5:void std::__insertion_sort(_RandomAccessIterator, _RandomAccessIterator, _Compare) [with _RandomAccessIterator = __gnu_cxx::__normal_iterator<short int*, vector<short int, allocator<short int> > >; _Compare = __gnu_cxx::__ops::_Iter_comp_iter<tflite::topk_v2::{anonymous}::TopContainer<long long int, short int>::sorted_result()::<lambda(short int, short int)> >]	32	static
C:\ST\STM32CubeIDE_2.1.1\STM32CubeIDE\plugins\com.st.stm32cube.ide.mcu.externaltools.gnu-tools-for-stm32.14.3.rel1.win32_1.0.100.202602081740\tools\bin/../lib/gcc/arm-none-eabi/14.3.1/../../../../arm-none-eabi/include/c++/14.3.1/bits/stl_algo.h:1770:5:void std::__insertion_sort(_RandomAccessIterator, _RandomAccessIterator, _Compare) [with _RandomAccessIterator = __gnu_cxx::__normal_iterator<long int*, vector<long int, allocator<long int> > >; _Compare = __gnu_cxx::__ops::_Iter_comp_iter<tflite::topk_v2::{anonymous}::TopContainer<long int, long int>::sorted_result()::<lambda(long int, long int)> >]	32	static
C:\ST\STM32CubeIDE_2.1.1\STM32CubeIDE\plugins\com.st.stm32cube.ide.mcu.externaltools.gnu-tools-for-stm32.14.3.rel1.win32_1.0.100.202602081740\tools\bin/../lib/gcc/arm-none-eabi/14.3.1/../../../../arm-none-eabi/include/c++/14.3.1/bits/stl_algo.h:1770:5:void std::__insertion_sort(_RandomAccessIterator, _RandomAccessIterator, _Compare) [with _RandomAccessIterator = __gnu_cxx::__normal_iterator<long int*, vector<long int, allocator<long int> > >; _Compare = __gnu_cxx::__ops::_Iter_comp_iter<tflite::topk_v2::{anonymous}::TopContainer<short int, long int>::sorted_result()::<lambda(long int, long int)> >]	32	static
C:\ST\STM32CubeIDE_2.1.1\STM32CubeIDE\plugins\com.st.stm32cube.ide.mcu.externaltools.gnu-tools-for-stm32.14.3.rel1.win32_1.0.100.202602081740\tools\bin/../lib/gcc/arm-none-eabi/14.3.1/../../../../arm-none-eabi/include/c++/14.3.1/bits/stl_algo.h:1770:5:void std::__insertion_sort(_RandomAccessIterator, _RandomAccessIterator, _Compare) [with _RandomAccessIterator = __gnu_cxx::__normal_iterator<long int*, vector<long int, allocator<long int> > >; _Compare = __gnu_cxx::__ops::_Iter_comp_iter<tflite::topk_v2::{anonymous}::TopContainer<signed char, long int>::sorted_result()::<lambda(long int, long int)> >]	24	static
C:\ST\STM32CubeIDE_2.1.1\STM32CubeIDE\plugins\com.st.stm32cube.ide.mcu.externaltools.gnu-tools-for-stm32.14.3.rel1.win32_1.0.100.202602081740\tools\bin/../lib/gcc/arm-none-eabi/14.3.1/../../../../arm-none-eabi/include/c++/14.3.1/bits/stl_algo.h:1770:5:void std::__insertion_sort(_RandomAccessIterator, _RandomAccessIterator, _Compare) [with _RandomAccessIterator = __gnu_cxx::__normal_iterator<long int*, vector<long int, allocator<long int> > >; _Compare = __gnu_cxx::__ops::_Iter_comp_iter<tflite::topk_v2::{anonymous}::TopContainer<unsigned char, long int>::sorted_result()::<lambda(long int, long int)> >]	24	static
C:\ST\STM32CubeIDE_2.1.1\STM32CubeIDE\plugins\com.st.stm32cube.ide.mcu.externaltools.gnu-tools-for-stm32.14.3.rel1.win32_1.0.100.202602081740\tools\bin/../lib/gcc/arm-none-eabi/14.3.1/../../../../arm-none-eabi/include/c++/14.3.1/bits/stl_algo.h:1770:5:void std::__insertion_sort(_RandomAccessIterator, _RandomAccessIterator, _Compare) [with _RandomAccessIterator = __gnu_cxx::__normal_iterator<long int*, vector<long int, allocator<long int> > >; _Compare = __gnu_cxx::__ops::_Iter_comp_iter<tflite::topk_v2::{anonymous}::TopContainer<float, long int>::sorted_result()::<lambda(long int, long int)> >]	24	static
C:\ST\STM32CubeIDE_2.1.1\STM32CubeIDE\plugins\com.st.stm32cube.ide.mcu.externaltools.gnu-tools-for-stm32.14.3.rel1.win32_1.0.100.202602081740\tools\bin/../lib/gcc/arm-none-eabi/14.3.1/../../../../arm-none-eabi/include/c++/14.3.1/bits/stl_algo.h:1770:5:void std::__insertion_sort(_RandomAccessIterator, _RandomAccessIterator, _Compare) [with _RandomAccessIterator = __gnu_cxx::__normal_iterator<long int*, vector<long int, allocator<long int> > >; _Compare = __gnu_cxx::__ops::_Iter_comp_iter<tflite::topk_v2::{anonymous}::TopContainer<long long int, long int>::sorted_result()::<lambda(long int, long int)> >]	32	static
../Middlewares/Third_Party/EdgeImpulse_naugtyninja-project-1_MachineLearning/edgeimpulse/edge-impulse-sdk/tensorflow/lite/micro/kernels/topk_v2.cpp:268:20:TfLiteRegistration tflite::Register_TOPK_V2()	16	static
C:\ST\STM32CubeIDE_2.1.1\STM32CubeIDE\plugins\com.st.stm32cube.ide.mcu.externaltools.gnu-tools-for-stm32.14.3.rel1.win32_1.0.100.202602081740\tools\bin/../lib/gcc/arm-none-eabi/14.3.1/../../../../arm-none-eabi/include/c++/14.3.1/bits/vector.tcc:67:5:void std::vector<_Tp, _Alloc>::reserve(size_type) [with _Tp = long int; _Alloc = std::allocator<long int>]	24	static
C:\ST\STM32CubeIDE_2.1.1\STM32CubeIDE\plugins\com.st.stm32cube.ide.mcu.externaltools.gnu-tools-for-stm32.14.3.rel1.win32_1.0.100.202602081740\tools\bin/../lib/gcc/arm-none-eabi/14.3.1/../../../../arm-none-eabi/include/c++/14.3.1/bits/vector.tcc:67:5:void std::vector<_Tp, _Alloc>::reserve(size_type) [with _Tp = short int; _Alloc = std::allocator<short int>]	24	static
C:\ST\STM32CubeIDE_2.1.1\STM32CubeIDE\plugins\com.st.stm32cube.ide.mcu.externaltools.gnu-tools-for-stm32.14.3.rel1.win32_1.0.100.202602081740\tools\bin/../lib/gcc/arm-none-eabi/14.3.1/../../../../arm-none-eabi/include/c++/14.3.1/bits/vector.tcc:581:7:) [with _Args = {const long int&}; _Tp = long int; _Alloc = std::allocator<long int>]	32	static
../Middlewares/Third_Party/EdgeImpulse_naugtyninja-project-1_MachineLearning/edgeimpulse/edge-impulse-sdk/tensorflow/lite/micro/kernels/topk_v2.cpp:179:14:TfLiteStatus tflite::topk_v2::TopKImpl(TfLiteContext*, TfLiteNode*, int32_t, idx_type*) [with idx_type = long int]	112	static
C:\ST\STM32CubeIDE_2.1.1\STM32CubeIDE\plugins\com.st.stm32cube.ide.mcu.externaltools.gnu-tools-for-stm32.14.3.rel1.win32_1.0.100.202602081740\tools\bin/../lib/gcc/arm-none-eabi/14.3.1/../../../../arm-none-eabi/include/c++/14.3.1/bits/vector.tcc:581:7:) [with _Args = {const short int&}; _Tp = short int; _Alloc = std::allocator<short int>]	32	static
../Middlewares/Third_Party/EdgeImpulse_naugtyninja-project-1_MachineLearning/edgeimpulse/edge-impulse-sdk/tensorflow/lite/micro/kernels/topk_v2.cpp:179:14:TfLiteStatus tflite::topk_v2::TopKImpl(TfLiteContext*, TfLiteNode*, int32_t, idx_type*) [with idx_type = short int]	112	static
../Middlewares/Third_Party/EdgeImpulse_naugtyninja-project-1_MachineLearning/edgeimpulse/edge-impulse-sdk/tensorflow/lite/micro/kernels/topk_v2.cpp:226:14:TfLiteStatus tflite::topk_v2::Eval(TfLiteContext*, TfLiteNode*)	24	static
