../Middlewares/Third_Party/EdgeImpulse_naugtyninja-project-1_MachineLearning/edgeimpulse/edge-impulse-sdk/tensorflow/lite/micro/kernels/unidirectional_sequence_lstm.cpp:157:14:TfLiteStatus tflite::{anonymous}::ValidateWeightTensorSize(TfLiteContext*, const TfLiteTensor*, int, int)	24	static
../Middlewares/Third_Party/EdgeImpulse_naugtyninja-project-1_MachineLearning/edgeimpulse/edge-impulse-sdk/tensorflow/lite/micro/kernels/unidirectional_sequence_lstm.cpp:442:23:tflite::LSTMBuffers<CellType> tflite::{anonymous}::CreateLSTMBuffers(TfLiteContext*, const int*) [with CellType = short int]	16	static
../Middlewares/Third_Party/EdgeImpulse_naugtyninja-project-1_MachineLearning/edgeimpulse/edge-impulse-sdk/tensorflow/lite/micro/kernels/unidirectional_sequence_lstm.cpp:458:7:void* tflite::{anonymous}::UnidirectionalSequenceLstmInit(TfLiteContext*, const char*, size_t)	8	static
../Middlewares/Third_Party/EdgeImpulse_naugtyninja-project-1_MachineLearning/edgeimpulse/edge-impulse-sdk/tensorflow/lite/micro/kernels/unidirectional_sequence_lstm.cpp:221:14:TfLiteStatus tflite::{anonymous}::CreateGateParams(TfLiteContext*, const TfLiteTensor*, const TfLiteTensor*, const TfLiteTensor*, const TfLiteTensor*, const TfLiteTensor*, const TfLiteTensor*, float, TfLiteType, tflite::GateParameters&)	192	static
../Middlewares/Third_Party/EdgeImpulse_naugtyninja-project-1_MachineLearning/edgeimpulse/edge-impulse-sdk/tensorflow/lite/micro/kernels/unidirectional_sequence_lstm.cpp:464:14:TfLiteStatus tflite::{anonymous}::UnidirectionalSequenceLstmPrepare(TfLiteContext*, TfLiteNode*)	344	static
../Middlewares/Third_Party/EdgeImpulse_naugtyninja-project-1_MachineLearning/edgeimpulse/edge-impulse-sdk/tensorflow/lite/micro/kernels/unidirectional_sequence_lstm.cpp:584:20:TfLiteRegistration tflite::Register_UNIDIRECTIONAL_SEQUENCE_LSTM()	16	static
../Middlewares/Third_Party/EdgeImpulse_naugtyninja-project-1_MachineLearning/edgeimpulse/edge-impulse-sdk/tensorflow/lite/micro/kernels/lstm_eval.h:131:6:void tflite::lstm_internal::CalculateLstmGate(const LstmStepManager&, const tflite::GateParameters&, const TfLiteEvalTensor*, const TfLiteEvalTensor*, const TfLiteEvalTensor*, const TfLiteEvalTensor*, const TfLiteEvalTensor*, const TfLiteEvalTensor*, CellType*, CellType*, TfLiteFusedActivation) [with ActivationType = float; WeightType = float; CellType = float; BiasType = float]	336	static
../Middlewares/Third_Party/EdgeImpulse_naugtyninja-project-1_MachineLearning/edgeimpulse/edge-impulse-sdk/tensorflow/lite/micro/kernels/lstm_eval.h:195:6:void tflite::lstm_internal::UpdateLstmCell(const LstmStepManager&, TfLiteEvalTensor*, CellType*, const CellType*, const CellType*, const tflite::ArithmeticParams&, const tflite::ArithmeticParams&, const tflite::CellStateInfo&, CellType*) [with CellType = float]	112	static
../Middlewares/Third_Party/EdgeImpulse_naugtyninja-project-1_MachineLearning/edgeimpulse/edge-impulse-sdk/tensorflow/lite/micro/kernels/lstm_eval.h:241:6:void tflite::lstm_internal::UpdateLstmHidden(const LstmStepManager&, TfLiteEvalTensor*, TfLiteEvalTensor*, const CellType*, const tflite::ArithmeticParams&, int32_t, CellType*) [with CellType = float; ActivationType = float]	160	static
../Middlewares/Third_Party/EdgeImpulse_naugtyninja-project-1_MachineLearning/edgeimpulse/edge-impulse-sdk/tensorflow/lite/micro/kernels/lstm_eval.h:270:6:void tflite::lstm_internal::LstmStep(const LstmStepManager&, const tflite::OpDataLSTM&, tflite::LSTMKernelContents&, tflite::LSTMBuffers<CellType>&) [with ActivationType = float; WeightType = float; CellType = float; BiasType = float]	152	static
../Middlewares/Third_Party/EdgeImpulse_naugtyninja-project-1_MachineLearning/edgeimpulse/edge-impulse-sdk/tensorflow/lite/micro/kernels/kernel_util.h:71:10:const T* tflite::micro::GetTensorData(const TfLiteEvalTensor*) [with T = signed char]	8	static
../Middlewares/Third_Party/EdgeImpulse_naugtyninja-project-1_MachineLearning/edgeimpulse/edge-impulse-sdk/tensorflow/lite/micro/kernels/lstm_eval.h:131:6:void tflite::lstm_internal::CalculateLstmGate(const LstmStepManager&, const tflite::GateParameters&, const TfLiteEvalTensor*, const TfLiteEvalTensor*, const TfLiteEvalTensor*, const TfLiteEvalTensor*, const TfLiteEvalTensor*, const TfLiteEvalTensor*, CellType*, CellType*, TfLiteFusedActivation) [with ActivationType = signed char; WeightType = signed char; CellType = short int; BiasType = long int]	336	static
../Middlewares/Third_Party/EdgeImpulse_naugtyninja-project-1_MachineLearning/edgeimpulse/edge-impulse-sdk/tensorflow/lite/micro/kernels/lstm_eval.h:131:6:void tflite::lstm_internal::CalculateLstmGate(const LstmStepManager&, const tflite::GateParameters&, const TfLiteEvalTensor*, const TfLiteEvalTensor*, const TfLiteEvalTensor*, const TfLiteEvalTensor*, const TfLiteEvalTensor*, const TfLiteEvalTensor*, CellType*, CellType*, TfLiteFusedActivation) [with ActivationType = short int; WeightType = signed char; CellType = short int; BiasType = long long int]	336	static
../Middlewares/Third_Party/EdgeImpulse_naugtyninja-project-1_MachineLearning/edgeimpulse/edge-impulse-sdk/tensorflow/lite/micro/kernels/kernel_util.h:64:4:T* tflite::micro::GetTensorData(TfLiteEvalTensor*) [with T = short int]	8	static
../Middlewares/Third_Party/EdgeImpulse_naugtyninja-project-1_MachineLearning/edgeimpulse/edge-impulse-sdk/tensorflow/lite/micro/kernels/lstm_eval.h:195:6:void tflite::lstm_internal::UpdateLstmCell(const LstmStepManager&, TfLiteEvalTensor*, CellType*, const CellType*, const CellType*, const tflite::ArithmeticParams&, const tflite::ArithmeticParams&, const tflite::CellStateInfo&, CellType*) [with CellType = short int]	112	static
../Middlewares/Third_Party/EdgeImpulse_naugtyninja-project-1_MachineLearning/edgeimpulse/edge-impulse-sdk/tensorflow/lite/micro/kernels/lstm_eval.h:241:6:void tflite::lstm_internal::UpdateLstmHidden(const LstmStepManager&, TfLiteEvalTensor*, TfLiteEvalTensor*, const CellType*, const tflite::ArithmeticParams&, int32_t, CellType*) [with CellType = short int; ActivationType = signed char]	160	static
../Middlewares/Third_Party/EdgeImpulse_naugtyninja-project-1_MachineLearning/edgeimpulse/edge-impulse-sdk/tensorflow/lite/micro/kernels/lstm_eval.h:270:6:void tflite::lstm_internal::LstmStep(const LstmStepManager&, const tflite::OpDataLSTM&, tflite::LSTMKernelContents&, tflite::LSTMBuffers<CellType>&) [with ActivationType = signed char; WeightType = signed char; CellType = short int; BiasType = long int]	152	static
../Middlewares/Third_Party/EdgeImpulse_naugtyninja-project-1_MachineLearning/edgeimpulse/edge-impulse-sdk/tensorflow/lite/micro/kernels/lstm_eval.h:241:6:void tflite::lstm_internal::UpdateLstmHidden(const LstmStepManager&, TfLiteEvalTensor*, TfLiteEvalTensor*, const CellType*, const tflite::ArithmeticParams&, int32_t, CellType*) [with CellType = short int; ActivationType = short int]	160	static
../Middlewares/Third_Party/EdgeImpulse_naugtyninja-project-1_MachineLearning/edgeimpulse/edge-impulse-sdk/tensorflow/lite/micro/kernels/lstm_eval.h:270:6:void tflite::lstm_internal::LstmStep(const LstmStepManager&, const tflite::OpDataLSTM&, tflite::LSTMKernelContents&, tflite::LSTMBuffers<CellType>&) [with ActivationType = short int; WeightType = signed char; CellType = short int; BiasType = long long int]	152	static
../Middlewares/Third_Party/EdgeImpulse_naugtyninja-project-1_MachineLearning/edgeimpulse/edge-impulse-sdk/tensorflow/lite/micro/kernels/unidirectional_sequence_lstm.cpp:519:14:TfLiteStatus tflite::{anonymous}::UnidirectionalSequenceLstmEval(TfLiteContext*, TfLiteNode*)	176	static
