../Middlewares/Third_Party/EdgeImpulse_naugtyninja-project-1_MachineLearning/edgeimpulse/edge-impulse-sdk/dsp/numpy.hpp:670:18:static float ei::numpy::dequantize_zero_one(uint8_t)	0	static
../Middlewares/Third_Party/EdgeImpulse_naugtyninja-project-1_MachineLearning/edgeimpulse/edge-impulse-sdk/classifier/postprocessing/ei_postprocessing_common.h:236:49:EI_IMPULSE_ERROR process_classification_i8(ei_impulse_handle_t*, uint32_t, uint32_t, ei_impulse_result_t*, void*, void*)	20	static
../Middlewares/Third_Party/EdgeImpulse_naugtyninja-project-1_MachineLearning/edgeimpulse/edge-impulse-sdk/classifier/postprocessing/ei_postprocessing_common.h:2607:49:EI_IMPULSE_ERROR process_paddleocr_f32(ei_impulse_handle_t*, uint32_t, uint32_t, ei_impulse_result_t*, void*, void*)	0	static
../Middlewares/Third_Party/EdgeImpulse_naugtyninja-project-1_MachineLearning/edgeimpulse/edge-impulse-sdk/classifier/postprocessing/ei_postprocessing_common.h:2667:49:EI_IMPULSE_ERROR process_paddleocr_i8(ei_impulse_handle_t*, uint32_t, uint32_t, ei_impulse_result_t*, void*, void*)	0	static
../Middlewares/Third_Party/EdgeImpulse_naugtyninja-project-1_MachineLearning/edgeimpulse/edge-impulse-sdk/tensorflow/lite/core/api/op_resolver.h:48:35:virtual tflite::OpResolver::TfLiteDelegatePtrVector tflite::OpResolver::GetDelegates(int) const	0	static
../Middlewares/Third_Party/EdgeImpulse_naugtyninja-project-1_MachineLearning/edgeimpulse/edge-impulse-sdk/tensorflow/lite/core/api/op_resolver.h:67:34:virtual tflite::OpResolver::TfLiteDelegateCreators tflite::OpResolver::GetDelegateCreators() const	0	static
../Middlewares/Third_Party/EdgeImpulse_naugtyninja-project-1_MachineLearning/edgeimpulse/edge-impulse-sdk/tensorflow/lite/core/api/op_resolver.h:96:40:virtual tflite::OpResolver::TfLiteOpaqueDelegateCreators tflite::OpResolver::GetOpaqueDelegateCreators() const	0	static
../Middlewares/Third_Party/EdgeImpulse_naugtyninja-project-1_MachineLearning/edgeimpulse/edge-impulse-sdk/tensorflow/lite/core/api/op_resolver.h:114:16:virtual bool tflite::OpResolver::MayContainUserDefinedOps() const	0	static
../Middlewares/Third_Party/EdgeImpulse_naugtyninja-project-1_MachineLearning/edgeimpulse/edge-impulse-sdk/tensorflow/lite/micro/micro_op_resolver.h:47:29:virtual const TfLiteRegistration* tflite::MicroOpResolver::FindOp(tflite::BuiltinOperator, int) const	8	static
../Middlewares/Third_Party/EdgeImpulse_naugtyninja-project-1_MachineLearning/edgeimpulse/edge-impulse-sdk/tensorflow/lite/micro/micro_op_resolver.h:54:29:virtual const TfLiteRegistration* tflite::MicroOpResolver::FindOp(const char*, int) const	8	static
../Middlewares/Third_Party/EdgeImpulse_naugtyninja-project-1_MachineLearning/edgeimpulse/edge-impulse-sdk/tensorflow/lite/micro/micro_mutable_op_resolver.h:44:7:tflite::MicroMutableOpResolver<7>::~MicroMutableOpResolver()	0	static
../Middlewares/Third_Party/EdgeImpulse_naugtyninja-project-1_MachineLearning/edgeimpulse/edge-impulse-sdk/classifier/inferencing_engines/tflite_micro.h:159:5:void __tcf_2()	0	static
../Middlewares/Third_Party/EdgeImpulse_naugtyninja-project-1_MachineLearning/edgeimpulse/edge-impulse-sdk/classifier/ei_run_classifier.h:823:13:void {anonymous}::ei_result_struct_timing_us_to_ms(ei_impulse_result_t*)	8	static
../Core/Src/main.cpp:138:12:int get_signal_data(size_t, size_t, float*)	0	static
C:\ST\STM32CubeIDE_2.1.1\STM32CubeIDE\plugins\com.st.stm32cube.ide.mcu.externaltools.gnu-tools-for-stm32.14.3.rel1.win32_1.0.100.202602081740\tools\arm-none-eabi\include\c++\14.3.1\bits\std_function.h:288:7:) [with _Res = void; _Functor = void (*)(void*); _ArgTypes = {void*}]	8	static
C:\ST\STM32CubeIDE_2.1.1\STM32CubeIDE\plugins\com.st.stm32cube.ide.mcu.externaltools.gnu-tools-for-stm32.14.3.rel1.win32_1.0.100.202602081740\tools\arm-none-eabi\include\c++\14.3.1\bits\std_function.h:288:7:) [with _Res = void; _Functor = get_thresholds_postprocessing(const ei_postprocessing_block_t*, std::vector<ei_threshold_desc_t>&)::<lambda(float)>; _ArgTypes = {float}]	0	static
C:\ST\STM32CubeIDE_2.1.1\STM32CubeIDE\plugins\com.st.stm32cube.ide.mcu.externaltools.gnu-tools-for-stm32.14.3.rel1.win32_1.0.100.202602081740\tools\arm-none-eabi\include\c++\14.3.1\bits\std_function.h:288:7:) [with _Res = void; _Functor = get_thresholds_postprocessing(const ei_postprocessing_block_t*, std::vector<ei_threshold_desc_t>&)::<lambda(float)>; _ArgTypes = {float}]	0	static
C:\ST\STM32CubeIDE_2.1.1\STM32CubeIDE\plugins\com.st.stm32cube.ide.mcu.externaltools.gnu-tools-for-stm32.14.3.rel1.win32_1.0.100.202602081740\tools\arm-none-eabi\include\c++\14.3.1\bits\std_function.h:288:7:) [with _Res = void; _Functor = get_thresholds_postprocessing(const ei_postprocessing_block_t*, std::vector<ei_threshold_desc_t>&)::<lambda(float)>; _ArgTypes = {float}]	0	static
C:\ST\STM32CubeIDE_2.1.1\STM32CubeIDE\plugins\com.st.stm32cube.ide.mcu.externaltools.gnu-tools-for-stm32.14.3.rel1.win32_1.0.100.202602081740\tools\arm-none-eabi\include\c++\14.3.1\bits\std_function.h:288:7:) [with _Res = void; _Functor = get_thresholds_postprocessing(const ei_postprocessing_block_t*, std::vector<ei_threshold_desc_t>&)::<lambda(float)>; _ArgTypes = {float}]	0	static
C:\ST\STM32CubeIDE_2.1.1\STM32CubeIDE\plugins\com.st.stm32cube.ide.mcu.externaltools.gnu-tools-for-stm32.14.3.rel1.win32_1.0.100.202602081740\tools\arm-none-eabi\include\c++\14.3.1\bits\std_function.h:288:7:) [with _Res = void; _Functor = get_thresholds_postprocessing(const ei_postprocessing_block_t*, std::vector<ei_threshold_desc_t>&)::<lambda(float)>; _ArgTypes = {float}]	0	static
C:\ST\STM32CubeIDE_2.1.1\STM32CubeIDE\plugins\com.st.stm32cube.ide.mcu.externaltools.gnu-tools-for-stm32.14.3.rel1.win32_1.0.100.202602081740\tools\arm-none-eabi\include\c++\14.3.1\bits\std_function.h:288:7:) [with _Res = void; _Functor = get_thresholds_postprocessing(const ei_postprocessing_block_t*, std::vector<ei_threshold_desc_t>&)::<lambda(float)>; _ArgTypes = {float}]	0	static
C:\ST\STM32CubeIDE_2.1.1\STM32CubeIDE\plugins\com.st.stm32cube.ide.mcu.externaltools.gnu-tools-for-stm32.14.3.rel1.win32_1.0.100.202602081740\tools\arm-none-eabi\include\c++\14.3.1\bits\std_function.h:288:7:) [with _Res = void; _Functor = get_thresholds_postprocessing(const ei_postprocessing_block_t*, std::vector<ei_threshold_desc_t>&)::<lambda(float)>; _ArgTypes = {float}]	0	static
C:\ST\STM32CubeIDE_2.1.1\STM32CubeIDE\plugins\com.st.stm32cube.ide.mcu.externaltools.gnu-tools-for-stm32.14.3.rel1.win32_1.0.100.202602081740\tools\arm-none-eabi\include\c++\14.3.1\bits\std_function.h:288:7:) [with _Res = void; _Functor = get_thresholds_postprocessing(const ei_postprocessing_block_t*, std::vector<ei_threshold_desc_t>&)::<lambda(float)>; _ArgTypes = {float}]	0	static
C:\ST\STM32CubeIDE_2.1.1\STM32CubeIDE\plugins\com.st.stm32cube.ide.mcu.externaltools.gnu-tools-for-stm32.14.3.rel1.win32_1.0.100.202602081740\tools\arm-none-eabi\include\c++\14.3.1\bits\std_function.h:267:7:), _Functor>::_M_manager(std::_Any_data&, const std::_Any_data&, std::_Manager_operation) [with _Res = void; _Functor = void (*)(void*); _ArgTypes = {void*}]	0	static
C:\ST\STM32CubeIDE_2.1.1\STM32CubeIDE\plugins\com.st.stm32cube.ide.mcu.externaltools.gnu-tools-for-stm32.14.3.rel1.win32_1.0.100.202602081740\tools\arm-none-eabi\include\c++\14.3.1\bits\std_function.h:267:7:), _Functor>::_M_manager(std::_Any_data&, const std::_Any_data&, std::_Manager_operation) [with _Res = void; _Functor = ei::speechpy::feature::mfe(ei::matrix_t*, ei::matrix_t*, ei::signal_t*, uint32_t, float, float, uint16_t, uint16_t, uint32_t, uint32_t, uint16_t)::<lambda(void*)>; _ArgTypes = {void*}]	0	static
C:\ST\STM32CubeIDE_2.1.1\STM32CubeIDE\plugins\com.st.stm32cube.ide.mcu.externaltools.gnu-tools-for-stm32.14.3.rel1.win32_1.0.100.202602081740\tools\arm-none-eabi\include\c++\14.3.1\bits\std_function.h:288:7:) [with _Res = int; _Functor = int (*)(unsigned int, unsigned int, float*); _ArgTypes = {unsigned int, unsigned int, float*}]	8	static
C:\ST\STM32CubeIDE_2.1.1\STM32CubeIDE\plugins\com.st.stm32cube.ide.mcu.externaltools.gnu-tools-for-stm32.14.3.rel1.win32_1.0.100.202602081740\tools\arm-none-eabi\include\c++\14.3.1\bits\std_function.h:267:7:), _Functor>::_M_manager(std::_Any_data&, const std::_Any_data&, std::_Manager_operation) [with _Res = void; _Functor = get_thresholds_postprocessing(const ei_postprocessing_block_t*, std::vector<ei_threshold_desc_t>&)::<lambda(float)>; _ArgTypes = {float}]	0	static
C:\ST\STM32CubeIDE_2.1.1\STM32CubeIDE\plugins\com.st.stm32cube.ide.mcu.externaltools.gnu-tools-for-stm32.14.3.rel1.win32_1.0.100.202602081740\tools\arm-none-eabi\include\c++\14.3.1\bits\std_function.h:267:7:), _Functor>::_M_manager(std::_Any_data&, const std::_Any_data&, std::_Manager_operation) [with _Res = void; _Functor = get_thresholds_postprocessing(const ei_postprocessing_block_t*, std::vector<ei_threshold_desc_t>&)::<lambda(float)>; _ArgTypes = {float}]	0	static
C:\ST\STM32CubeIDE_2.1.1\STM32CubeIDE\plugins\com.st.stm32cube.ide.mcu.externaltools.gnu-tools-for-stm32.14.3.rel1.win32_1.0.100.202602081740\tools\arm-none-eabi\include\c++\14.3.1\bits\std_function.h:267:7:), _Functor>::_M_manager(std::_Any_data&, const std::_Any_data&, std::_Manager_operation) [with _Res = void; _Functor = get_thresholds_postprocessing(const ei_postprocessing_block_t*, std::vector<ei_threshold_desc_t>&)::<lambda(float)>; _ArgTypes = {float}]	0	static
C:\ST\STM32CubeIDE_2.1.1\STM32CubeIDE\plugins\com.st.stm32cube.ide.mcu.externaltools.gnu-tools-for-stm32.14.3.rel1.win32_1.0.100.202602081740\tools\arm-none-eabi\include\c++\14.3.1\bits\std_function.h:267:7:), _Functor>::_M_manager(std::_Any_data&, const std::_Any_data&, std::_Manager_operation) [with _Res = void; _Functor = get_thresholds_postprocessing(const ei_postprocessing_block_t*, std::vector<ei_threshold_desc_t>&)::<lambda(float)>; _ArgTypes = {float}]	0	static
C:\ST\STM32CubeIDE_2.1.1\STM32CubeIDE\plugins\com.st.stm32cube.ide.mcu.externaltools.gnu-tools-for-stm32.14.3.rel1.win32_1.0.100.202602081740\tools\arm-none-eabi\include\c++\14.3.1\bits\std_function.h:267:7:), _Functor>::_M_manager(std::_Any_data&, const std::_Any_data&, std::_Manager_operation) [with _Res = void; _Functor = get_thresholds_postprocessing(const ei_postprocessing_block_t*, std::vector<ei_threshold_desc_t>&)::<lambda(float)>; _ArgTypes = {float}]	0	static
C:\ST\STM32CubeIDE_2.1.1\STM32CubeIDE\plugins\com.st.stm32cube.ide.mcu.externaltools.gnu-tools-for-stm32.14.3.rel1.win32_1.0.100.202602081740\tools\arm-none-eabi\include\c++\14.3.1\bits\std_function.h:267:7:), _Functor>::_M_manager(std::_Any_data&, const std::_Any_data&, std::_Manager_operation) [with _Res = void; _Functor = get_thresholds_postprocessing(const ei_postprocessing_block_t*, std::vector<ei_threshold_desc_t>&)::<lambda(float)>; _ArgTypes = {float}]	0	static
C:\ST\STM32CubeIDE_2.1.1\STM32CubeIDE\plugins\com.st.stm32cube.ide.mcu.externaltools.gnu-tools-for-stm32.14.3.rel1.win32_1.0.100.202602081740\tools\arm-none-eabi\include\c++\14.3.1\bits\std_function.h:267:7:), _Functor>::_M_manager(std::_Any_data&, const std::_Any_data&, std::_Manager_operation) [with _Res = void; _Functor = get_thresholds_postprocessing(const ei_postprocessing_block_t*, std::vector<ei_threshold_desc_t>&)::<lambda(float)>; _ArgTypes = {float}]	0	static
C:\ST\STM32CubeIDE_2.1.1\STM32CubeIDE\plugins\com.st.stm32cube.ide.mcu.externaltools.gnu-tools-for-stm32.14.3.rel1.win32_1.0.100.202602081740\tools\arm-none-eabi\include\c++\14.3.1\bits\std_function.h:267:7:), _Functor>::_M_manager(std::_Any_data&, const std::_Any_data&, std::_Manager_operation) [with _Res = void; _Functor = get_thresholds_postprocessing(const ei_postprocessing_block_t*, std::vector<ei_threshold_desc_t>&)::<lambda(float)>; _ArgTypes = {float}]	0	static
../Middlewares/Third_Party/EdgeImpulse_naugtyninja-project-1_MachineLearning/edgeimpulse/edge-impulse-sdk/tensorflow/lite/micro/micro_mutable_op_resolver.h:50:29:const TfLiteRegistration* tflite::MicroMutableOpResolver<tOpCount>::FindOp(tflite::BuiltinOperator) const [with unsigned int tOpCount = 7]	8	static
C:\ST\STM32CubeIDE_2.1.1\STM32CubeIDE\plugins\com.st.stm32cube.ide.mcu.externaltools.gnu-tools-for-stm32.14.3.rel1.win32_1.0.100.202602081740\tools\arm-none-eabi\include\c++\14.3.1\bits\std_function.h:267:7:), _Functor>::_M_manager(std::_Any_data&, const std::_Any_data&, std::_Manager_operation) [with _Res = int; _Functor = ei::numpy::signal_from_buffer(const float*, size_t, ei::signal_t*)::<lambda(size_t, size_t, float*)>; _ArgTypes = {unsigned int, unsigned int, float*}]	0	static
C:\ST\STM32CubeIDE_2.1.1\STM32CubeIDE\plugins\com.st.stm32cube.ide.mcu.externaltools.gnu-tools-for-stm32.14.3.rel1.win32_1.0.100.202602081740\tools\arm-none-eabi\include\c++\14.3.1\bits\std_function.h:267:7:), _Functor>::_M_manager(std::_Any_data&, const std::_Any_data&, std::_Manager_operation) [with _Res = int; _Functor = SignalWithRange::get_signal()::<lambda(size_t, size_t, float*)>; _ArgTypes = {unsigned int, unsigned int, float*}]	0	static
C:\ST\STM32CubeIDE_2.1.1\STM32CubeIDE\plugins\com.st.stm32cube.ide.mcu.externaltools.gnu-tools-for-stm32.14.3.rel1.win32_1.0.100.202602081740\tools\arm-none-eabi\include\c++\14.3.1\bits\std_function.h:267:7:), _Functor>::_M_manager(std::_Any_data&, const std::_Any_data&, std::_Manager_operation) [with _Res = int; _Functor = int (*)(unsigned int, unsigned int, float*); _ArgTypes = {unsigned int, unsigned int, float*}]	0	static
C:\ST\STM32CubeIDE_2.1.1\STM32CubeIDE\plugins\com.st.stm32cube.ide.mcu.externaltools.gnu-tools-for-stm32.14.3.rel1.win32_1.0.100.202602081740\tools\arm-none-eabi\include\c++\14.3.1\bits\std_function.h:267:7:), _Functor>::_M_manager(std::_Any_data&, const std::_Any_data&, std::_Manager_operation) [with _Res = int; _Functor = SignalWithAxes::get_signal()::<lambda(size_t, size_t, float*)>; _ArgTypes = {unsigned int, unsigned int, float*}]	0	static
C:\ST\STM32CubeIDE_2.1.1\STM32CubeIDE\plugins\com.st.stm32cube.ide.mcu.externaltools.gnu-tools-for-stm32.14.3.rel1.win32_1.0.100.202602081740\tools\arm-none-eabi\include\c++\14.3.1\bits\std_function.h:288:7:) [with _Res = void; _Functor = ei::speechpy::feature::mfe(ei::matrix_t*, ei::matrix_t*, ei::signal_t*, uint32_t, float, float, uint16_t, uint16_t, uint32_t, uint32_t, uint16_t)::<lambda(void*)>; _ArgTypes = {void*}]	8	static
C:\ST\STM32CubeIDE_2.1.1\STM32CubeIDE\plugins\com.st.stm32cube.ide.mcu.externaltools.gnu-tools-for-stm32.14.3.rel1.win32_1.0.100.202602081740\tools\arm-none-eabi\include\c++\14.3.1\bits\std_function.h:288:7:) [with _Res = int; _Functor = ei::numpy::signal_from_buffer(const float*, size_t, ei::signal_t*)::<lambda(size_t, size_t, float*)>; _ArgTypes = {unsigned int, unsigned int, float*}]	8	static
../Middlewares/Third_Party/EdgeImpulse_naugtyninja-project-1_MachineLearning/edgeimpulse/edge-impulse-sdk/dsp/dsp_engines/ei_arm_cmsis_dsp.h:201:12:int ei::fft::hw_r2c_fft(const float*, ei::fft_complex_t*, size_t)	32	static
../Middlewares/Third_Party/EdgeImpulse_naugtyninja-project-1_MachineLearning/edgeimpulse/edge-impulse-sdk/dsp/ei_flatten.h:43:9:virtual int flatten_class::print()	32	static
../Middlewares/Third_Party/EdgeImpulse_naugtyninja-project-1_MachineLearning/edgeimpulse/edge-impulse-sdk/tensorflow/lite/micro/micro_mutable_op_resolver.h:44:7:virtual tflite::MicroMutableOpResolver<7>::~MicroMutableOpResolver()	8	static
../Middlewares/Third_Party/EdgeImpulse_naugtyninja-project-1_MachineLearning/edgeimpulse/edge-impulse-sdk/classifier/ei_aligned_malloc.h:105:30:void {anonymous}::ei_aligned_free(void*)	8	static
../Middlewares/Third_Party/EdgeImpulse_naugtyninja-project-1_MachineLearning/edgeimpulse/edge-impulse-sdk/tensorflow/lite/micro/micro_mutable_op_resolver.h:73:36:TfLiteStatus (* tflite::MicroMutableOpResolver<tOpCount>::GetOpDataParser(tflite::BuiltinOperator) const)(const tflite::Operator*, tflite::ErrorReporter*, tflite::BuiltinDataAllocator*, void**) [with unsigned int tOpCount = 7]	16	static
../Middlewares/Third_Party/EdgeImpulse_naugtyninja-project-1_MachineLearning/edgeimpulse/edge-impulse-sdk/tensorflow/lite/micro/micro_mutable_op_resolver.h:62:29:const TfLiteRegistration* tflite::MicroMutableOpResolver<tOpCount>::FindOp(const char*) const [with unsigned int tOpCount = 7]	24	static
../Middlewares/Third_Party/EdgeImpulse_naugtyninja-project-1_MachineLearning/edgeimpulse/edge-impulse-sdk/classifier/inferencing_engines/tflite_micro.h:214:25:EI_IMPULSE_ERROR inference_tflite_run(uint64_t, tflite::MicroInterpreter*, ei_impulse_result_t*, void*)	24	static
../Middlewares/Third_Party/EdgeImpulse_naugtyninja-project-1_MachineLearning/edgeimpulse/edge-impulse-sdk/dsp/speechpy/processing.hpp:201:18:float ei::speechpy::processing::ceil_unless_very_close_to_floor(float)	0	static
../Middlewares/Third_Party/EdgeImpulse_naugtyninja-project-1_MachineLearning/edgeimpulse/edge-impulse-sdk/dsp/speechpy/processing.hpp:350:20:int32_t ei::speechpy::processing::calculate_no_of_stack_frames(size_t, uint32_t, float, float, bool, uint16_t)	40	static
../Middlewares/Third_Party/EdgeImpulse_naugtyninja-project-1_MachineLearning/edgeimpulse/edge-impulse-sdk/dsp/speechpy/processing.hpp:219:40:int ei::speechpy::processing::calculate_signal_used(size_t, uint32_t, float, float, bool, uint16_t)	40	static
../Middlewares/Third_Party/EdgeImpulse_naugtyninja-project-1_MachineLearning/edgeimpulse/edge-impulse-sdk/dsp/speechpy/processing.hpp:494:16:int ei::speechpy::processing::mfe_normalization(ei::matrix_t*, int)	64	static
../Middlewares/Third_Party/EdgeImpulse_naugtyninja-project-1_MachineLearning/edgeimpulse/edge-impulse-sdk/dsp/speechpy/processing.hpp:532:16:int ei::speechpy::processing::spectrogram_normalization(ei::matrix_t*, int, bool)	72	static
C:\ST\STM32CubeIDE_2.1.1\STM32CubeIDE\plugins\com.st.stm32cube.ide.mcu.externaltools.gnu-tools-for-stm32.14.3.rel1.win32_1.0.100.202602081740\tools\arm-none-eabi\include\c++\14.3.1\bits\std_function.h:288:7:) [with _Res = int; _Functor = SignalWithAxes::get_signal()::<lambda(size_t, size_t, float*)>; _ArgTypes = {unsigned int, unsigned int, float*}]	72	static
../Middlewares/Third_Party/EdgeImpulse_naugtyninja-project-1_MachineLearning/edgeimpulse/edge-impulse-sdk/classifier/ei_run_classifier.h:507:79:void __tcf_3()	8	static
C:\ST\STM32CubeIDE_2.1.1\STM32CubeIDE\plugins\com.st.stm32cube.ide.mcu.externaltools.gnu-tools-for-stm32.14.3.rel1.win32_1.0.100.202602081740\tools\arm-none-eabi\include\c++\14.3.1\bits\std_function.h:288:7:) [with _Res = int; _Functor = SignalWithRange::get_signal()::<lambda(size_t, size_t, float*)>; _ArgTypes = {unsigned int, unsigned int, float*}]	32	static
../Middlewares/Third_Party/EdgeImpulse_naugtyninja-project-1_MachineLearning/edgeimpulse/edge-impulse-sdk/dsp/memory.hpp:231:24:ei_unique_ptr_t ei::make_tracked_unique_ptr(void*, size_t)	32	static
../Middlewares/Third_Party/EdgeImpulse_naugtyninja-project-1_MachineLearning/edgeimpulse/edge-impulse-sdk/classifier/ei_run_dsp.h:1144:29:int {anonymous}::extract_image_features(ei::signal_t*, ei::matrix_t*, void*, float)	80	static
../Middlewares/Third_Party/EdgeImpulse_naugtyninja-project-1_MachineLearning/edgeimpulse/edge-impulse-sdk/classifier/inferencing_engines/tflite_micro.h:102:25:EI_IMPULSE_ERROR inference_tflite_setup(ei_learning_block_config_tflite_graph_t*, uint64_t*, TfLiteTensor**, TfLiteTensor**, tflite::MicroInterpreter**, ei_unique_ptr_t&, void**)	144	static,ignoring_inline_asm
../Middlewares/Third_Party/EdgeImpulse_naugtyninja-project-1_MachineLearning/edgeimpulse/edge-impulse-sdk/dsp/numpy.hpp:380:17:static void ei::numpy::transpose_in_place(ei::matrix_t*)	24	static
../Middlewares/Third_Party/EdgeImpulse_naugtyninja-project-1_MachineLearning/edgeimpulse/edge-impulse-sdk/dsp/ei_flatten.h:55:9:virtual int flatten_class::extract(ei::signal_t*, ei::matrix_t*, void*, float, ei_impulse_result_t*)	168	static
../Middlewares/Third_Party/EdgeImpulse_naugtyninja-project-1_MachineLearning/edgeimpulse/edge-impulse-sdk/dsp/numpy.hpp:524:16:static int ei::numpy::dct_transform(float*, size_t)	72	static
../Middlewares/Third_Party/EdgeImpulse_naugtyninja-project-1_MachineLearning/edgeimpulse/edge-impulse-sdk/dsp/numpy.hpp:683:16:static int ei::numpy::pad_1d_symmetric(ei::matrix_t*, ei::matrix_t*, uint16_t, uint16_t)	48	static
../Middlewares/Third_Party/EdgeImpulse_naugtyninja-project-1_MachineLearning/edgeimpulse/edge-impulse-sdk/dsp/numpy.hpp:1706:16:static int ei::numpy::normalize(ei::matrix_t*)	64	static
../Middlewares/Third_Party/EdgeImpulse_naugtyninja-project-1_MachineLearning/edgeimpulse/edge-impulse-sdk/dsp/speechpy/processing.hpp:400:16:int ei::speechpy::processing::cmvnw(ei::matrix_t*, uint16_t, bool, bool)	136	static
../Middlewares/Third_Party/EdgeImpulse_naugtyninja-project-1_MachineLearning/edgeimpulse/edge-impulse-sdk/dsp/spectral/processing.hpp:325:9:int ei::spectral::processing::spectral_power_edges(ei::matrix_t*, ei::matrix_t*, ei::matrix_t*, ei::matrix_t*, float)	48	static
../Middlewares/Third_Party/EdgeImpulse_naugtyninja-project-1_MachineLearning/edgeimpulse/edge-impulse-sdk/dsp/spectral/processing.hpp:388:9:int ei::spectral::processing::periodogram(ei::matrix_t*, ei::matrix_t*, ei::matrix_t*, float, uint16_t)	72	static
../Middlewares/Third_Party/EdgeImpulse_naugtyninja-project-1_MachineLearning/edgeimpulse/edge-impulse-sdk/dsp/speechpy/processing.hpp:78:13:int ei::speechpy::processing::preemphasis::get_data(size_t, size_t, float*)	88	static
../Middlewares/Third_Party/EdgeImpulse_naugtyninja-project-1_MachineLearning/edgeimpulse/edge-impulse-sdk/classifier/ei_run_dsp.h:222:12:int {anonymous}::preemphasized_audio_signal_get_data(size_t, size_t, float*)	8	static
../Middlewares/Third_Party/EdgeImpulse_naugtyninja-project-1_MachineLearning/edgeimpulse/edge-impulse-sdk/dsp/speechpy/feature.hpp:64:16:static int ei::speechpy::feature::filterbanks(ei::quantized_matrix_t*, uint16_t, int, uint32_t, uint32_t, uint32_t, bool)	104	static,ignoring_inline_asm
../Middlewares/Third_Party/EdgeImpulse_naugtyninja-project-1_MachineLearning/edgeimpulse/edge-impulse-sdk/dsp/ei_flatten.h:207:12:static DspHandle* flatten_class::create(void*, float)	24	static
../Middlewares/Third_Party/EdgeImpulse_naugtyninja-project-1_MachineLearning/edgeimpulse/edge-impulse-sdk/classifier/postprocessing/ei_postprocessing_common.h:53:9:int16_t get_block_number(ei_impulse_handle_t*, void*)	4	static
../Middlewares/Third_Party/EdgeImpulse_naugtyninja-project-1_MachineLearning/edgeimpulse/edge-impulse-sdk/classifier/postprocessing/ei_postprocessing_common.h:193:18:EI_IMPULSE_ERROR process_classification_f32(ei_impulse_handle_t*, uint32_t, uint32_t, ei_impulse_result_t*, void*, void*)	20	static
../Middlewares/Third_Party/EdgeImpulse_naugtyninja-project-1_MachineLearning/edgeimpulse/edge-impulse-sdk/classifier/postprocessing/ei_postprocessing.h:55:29:EI_IMPULSE_ERROR init_postprocessing(ei_impulse_handle_t*)	24	static
../Middlewares/Third_Party/EdgeImpulse_naugtyninja-project-1_MachineLearning/edgeimpulse/edge-impulse-sdk/classifier/postprocessing/ei_postprocessing.h:77:29:EI_IMPULSE_ERROR deinit_postprocessing(ei_impulse_handle_t*)	16	static
../Middlewares/Third_Party/EdgeImpulse_naugtyninja-project-1_MachineLearning/edgeimpulse/edge-impulse-sdk/classifier/postprocessing/ei_postprocessing.h:104:29:EI_IMPULSE_ERROR run_postprocessing(ei_impulse_handle_t*, ei_impulse_result_t*)	48	static
../Middlewares/Third_Party/EdgeImpulse_naugtyninja-project-1_MachineLearning/edgeimpulse/edge-impulse-sdk/classifier/postprocessing/ei_postprocessing.h:144:29:EI_IMPULSE_ERROR display_postprocessing(ei_impulse_handle_t*, ei_impulse_result_t*)	16	static
../Middlewares/Third_Party/EdgeImpulse_naugtyninja-project-1_MachineLearning/edgeimpulse/edge-impulse-sdk/classifier/ei_print_results.h:53:6:void ei_print_results(ei_impulse_handle_t*, ei_impulse_result_t*)	208	static
../Middlewares/Third_Party/EdgeImpulse_naugtyninja-project-1_MachineLearning/edgeimpulse/edge-impulse-sdk/classifier/inferencing_engines/tflite_helper.h:57:18:EI_IMPULSE_ERROR fill_input_tensor_from_matrix(ei_feature_t*, ei_feature_t*, TfLiteTensor*, uint32_t*, uint32_t, size_t, size_t)	32	static
../Middlewares/Third_Party/EdgeImpulse_naugtyninja-project-1_MachineLearning/edgeimpulse/edge-impulse-sdk/classifier/inferencing_engines/tflite_helper.h:124:18:EI_IMPULSE_ERROR fill_input_tensor_from_signal(ei::signal_t*, TfLiteTensor*)	88	static
../Middlewares/Third_Party/EdgeImpulse_naugtyninja-project-1_MachineLearning/edgeimpulse/edge-impulse-sdk/classifier/inferencing_engines/tflite_helper.h:247:18:EI_IMPULSE_ERROR fill_output_matrix_from_tensor(TfLiteTensor*, ei::matrix_t*)	8	static
../Middlewares/Third_Party/EdgeImpulse_naugtyninja-project-1_MachineLearning/edgeimpulse/edge-impulse-sdk/classifier/inferencing_engines/tflite_micro.h:326:18:EI_IMPULSE_ERROR run_nn_inference(const ei_impulse_t*, ei_feature_t*, uint32_t, uint32_t*, uint32_t, ei_impulse_result_t*, void*, bool)	136	static
../Middlewares/Third_Party/EdgeImpulse_naugtyninja-project-1_MachineLearning/edgeimpulse/edge-impulse-sdk/classifier/inferencing_engines/tflite_micro.h:263:18:EI_IMPULSE_ERROR run_nn_inference_from_dsp(ei_learning_block_config_tflite_graph_t*, ei::signal_t*, ei::matrix_t*)	104	static
../Middlewares/Third_Party/EdgeImpulse_naugtyninja-project-1_MachineLearning/edgeimpulse/edge-impulse-sdk/classifier/inferencing_engines/tflite_micro.h:442:18:EI_IMPULSE_ERROR run_nn_inference_image_quantized(const ei_impulse_t*, ei::signal_t*, uint32_t, ei_impulse_result_t*, void*, bool)	200	static
../Middlewares/Third_Party/EdgeImpulse_naugtyninja-project-1_MachineLearning/edgeimpulse/edge-impulse-sdk/classifier/inferencing_engines/tflite_micro.h:575:29:int extract_tflite_features(ei::signal_t*, ei::matrix_t*, void*, float)	56	static
../Middlewares/Third_Party/EdgeImpulse_naugtyninja-project-1_MachineLearning/edgeimpulse/edge-impulse-sdk/classifier/ei_run_classifier.h:144:29:EI_IMPULSE_ERROR {anonymous}::run_inference(ei_impulse_handle_t*, ei_feature_t*, ei_impulse_result_t*, bool)	48	static
../Middlewares/Third_Party/EdgeImpulse_naugtyninja-project-1_MachineLearning/edgeimpulse/edge-impulse-sdk/classifier/ei_run_classifier.h:436:29:EI_IMPULSE_ERROR {anonymous}::init_impulse(ei_impulse_handle_t*)	16	static
../Middlewares/Third_Party/EdgeImpulse_naugtyninja-project-1_MachineLearning/edgeimpulse/edge-impulse-sdk/classifier/ei_run_classifier.h:454:29:EI_IMPULSE_ERROR {anonymous}::process_impulse_continuous(ei_impulse_handle_t*, ei::signal_t*, ei_impulse_result_t*, bool)	176	static,ignoring_inline_asm
../Middlewares/Third_Party/EdgeImpulse_naugtyninja-project-1_MachineLearning/edgeimpulse/edge-impulse-sdk/classifier/ei_run_classifier.h:706:29:EI_IMPULSE_ERROR {anonymous}::run_classifier_image_quantized(const ei_impulse_t*, ei::signal_t*, ei_impulse_result_t*, bool)	16	static
../Middlewares/Third_Party/EdgeImpulse_naugtyninja-project-1_MachineLearning/edgeimpulse/edge-impulse-sdk/classifier/ei_run_classifier.h:210:29:EI_IMPULSE_ERROR {anonymous}::process_impulse(ei_impulse_handle_t*, ei::signal_t*, ei_impulse_result_t*, bool)	200	static
../Middlewares/Third_Party/EdgeImpulse_naugtyninja-project-1_MachineLearning/edgeimpulse/edge-impulse-sdk/classifier/ei_run_classifier.h:863:17:void {anonymous}::run_classifier_init()	8	static
../Middlewares/Third_Party/EdgeImpulse_naugtyninja-project-1_MachineLearning/edgeimpulse/edge-impulse-sdk/classifier/ei_run_classifier.h:911:17:void {anonymous}::run_classifier_deinit()	8	static
../Middlewares/Third_Party/EdgeImpulse_naugtyninja-project-1_MachineLearning/edgeimpulse/edge-impulse-sdk/classifier/ei_run_classifier.h:973:29:EI_IMPULSE_ERROR {anonymous}::run_classifier_continuous(ei::signal_t*, ei_impulse_result_t*, bool, bool)	8	static
../Middlewares/Third_Party/EdgeImpulse_naugtyninja-project-1_MachineLearning/edgeimpulse/edge-impulse-sdk/classifier/ei_run_classifier.h:1061:29:EI_IMPULSE_ERROR {anonymous}::run_classifier(ei::signal_t*, ei_impulse_result_t*, bool)	8	static
../Core/Src/main.cpp:97:6:void scan_once(I2C_HandleTypeDef*)	24	static
../Core/Src/main.cpp:146:6:void run_ei_inference()	56	static
../Core/Src/main.cpp:313:6:void SystemClock_Config()	120	static,ignoring_inline_asm
../Core/Src/main.cpp:372:6:void PeriphCommonClock_Config()	200	static,ignoring_inline_asm
../Core/Src/main.cpp:174:5:int main()	72	static,ignoring_inline_asm
../Core/Src/main.cpp:604:6:void HAL_I2SEx_TxRxHalfCpltCallback(I2S_HandleTypeDef*)	16	static
../Core/Src/main.cpp:615:6:void HAL_I2SEx_TxRxCpltCallback(I2S_HandleTypeDef*)	16	static
../Core/Src/main.cpp:632:6:void Error_Handler()	0	static,ignoring_inline_asm
C:\ST\STM32CubeIDE_2.1.1\STM32CubeIDE\plugins\com.st.stm32cube.ide.mcu.externaltools.gnu-tools-for-stm32.14.3.rel1.win32_1.0.100.202602081740\tools\bin/../lib/gcc/arm-none-eabi/14.3.1/../../../../arm-none-eabi/include/c++/14.3.1/bits/vector.tcc:111:7:) [with _Args = {long unsigned int}; _Tp = long unsigned int; _Alloc = ei::EiAlloc<long unsigned int>]	32	static
../Middlewares/Third_Party/EdgeImpulse_naugtyninja-project-1_MachineLearning/edgeimpulse/edge-impulse-sdk/dsp/speechpy/processing.hpp:273:16:int ei::speechpy::processing::stack_frames(ei::speechpy::stack_frames_info_t*, float, float, float, bool, uint16_t)	56	static
../Middlewares/Third_Party/EdgeImpulse_naugtyninja-project-1_MachineLearning/edgeimpulse/edge-impulse-sdk/dsp/speechpy/feature.hpp:418:16:static int ei::speechpy::feature::mfe_v3(ei::matrix_t*, ei::matrix_t*, ei::signal_t*, uint32_t, float, float, uint16_t, uint16_t, uint32_t, uint32_t, uint16_t)	208	static
../Middlewares/Third_Party/EdgeImpulse_naugtyninja-project-1_MachineLearning/edgeimpulse/edge-impulse-sdk/dsp/speechpy/feature.hpp:568:16:static int ei::speechpy::feature::spectrogram(ei::matrix_t*, ei::signal_t*, float, float, float, uint16_t, uint16_t)	184	static
../Middlewares/Third_Party/EdgeImpulse_naugtyninja-project-1_MachineLearning/edgeimpulse/edge-impulse-sdk/classifier/ei_run_dsp.h:556:36:int {anonymous}::extract_spectrogram_run_slice(ei::signal_t*, ei::matrix_t*, ei_dsp_config_spectrogram_t*, float, ei::matrix_size_t*)	80	static
../Middlewares/Third_Party/EdgeImpulse_naugtyninja-project-1_MachineLearning/edgeimpulse/edge-impulse-sdk/classifier/ei_run_dsp.h:601:29:int {anonymous}::extract_spectrogram_per_slice_features(ei::signal_t*, ei::matrix_t*, void*, float, ei::matrix_size_t*)	224	static
../Middlewares/Third_Party/EdgeImpulse_naugtyninja-project-1_MachineLearning/edgeimpulse/edge-impulse-sdk/classifier/ei_run_dsp.h:499:29:int {anonymous}::extract_spectrogram_features(ei::signal_t*, ei::matrix_t*, void*, float)	56	static
../Middlewares/Third_Party/EdgeImpulse_naugtyninja-project-1_MachineLearning/edgeimpulse/edge-impulse-sdk/dsp/speechpy/feature.hpp:216:16:static int ei::speechpy::feature::mfe(ei::matrix_t*, ei::matrix_t*, ei::signal_t*, uint32_t, float, float, uint16_t, uint16_t, uint32_t, uint32_t, uint16_t)	232	static,ignoring_inline_asm
../Middlewares/Third_Party/EdgeImpulse_naugtyninja-project-1_MachineLearning/edgeimpulse/edge-impulse-sdk/dsp/speechpy/feature.hpp:715:16:static int ei::speechpy::feature::mfcc(ei::matrix_t*, ei::signal_t*, uint32_t, float, float, uint16_t, uint16_t, uint16_t, uint32_t, uint32_t, bool, uint16_t)	128	static,ignoring_inline_asm
../Middlewares/Third_Party/EdgeImpulse_naugtyninja-project-1_MachineLearning/edgeimpulse/edge-impulse-sdk/classifier/ei_run_dsp.h:288:36:int {anonymous}::extract_mfcc_run_slice(ei::signal_t*, ei::matrix_t*, ei_dsp_config_mfcc_t*, float, ei::matrix_size_t*, int)	104	static
../Middlewares/Third_Party/EdgeImpulse_naugtyninja-project-1_MachineLearning/edgeimpulse/edge-impulse-sdk/classifier/ei_run_dsp.h:330:29:int {anonymous}::extract_mfcc_per_slice_features(ei::signal_t*, ei::matrix_t*, void*, float, ei::matrix_size_t*)	328	static
../Middlewares/Third_Party/EdgeImpulse_naugtyninja-project-1_MachineLearning/edgeimpulse/edge-impulse-sdk/classifier/ei_run_dsp.h:226:29:int {anonymous}::extract_mfcc_features(ei::signal_t*, ei::matrix_t*, void*, float)	176	static
../Middlewares/Third_Party/EdgeImpulse_naugtyninja-project-1_MachineLearning/edgeimpulse/edge-impulse-sdk/classifier/ei_run_dsp.h:867:36:int {anonymous}::extract_mfe_run_slice(ei::signal_t*, ei::matrix_t*, ei_dsp_config_mfe_t*, float, ei::matrix_size_t*)	104	static
../Middlewares/Third_Party/EdgeImpulse_naugtyninja-project-1_MachineLearning/edgeimpulse/edge-impulse-sdk/classifier/ei_run_dsp.h:919:29:int {anonymous}::extract_mfe_per_slice_features(ei::signal_t*, ei::matrix_t*, void*, float, ei::matrix_size_t*)	280	static
../Middlewares/Third_Party/EdgeImpulse_naugtyninja-project-1_MachineLearning/edgeimpulse/edge-impulse-sdk/classifier/ei_run_dsp.h:768:29:int {anonymous}::extract_mfe_features(ei::signal_t*, ei::matrix_t*, void*, float)	168	static
C:\ST\STM32CubeIDE_2.1.1\STM32CubeIDE\plugins\com.st.stm32cube.ide.mcu.externaltools.gnu-tools-for-stm32.14.3.rel1.win32_1.0.100.202602081740\tools\arm-none-eabi\include\c++\14.3.1\bits\alloc_traits.h:974:5:void std::_Destroy(_ForwardIterator, _ForwardIterator, _Allocator&) [with _ForwardIterator = vector<float, ei::EiAlloc<float> >*; _Allocator = ei::EiAlloc<vector<float, ei::EiAlloc<float> > >]	16	static
../Middlewares/Third_Party/EdgeImpulse_naugtyninja-project-1_MachineLearning/edgeimpulse/edge-impulse-sdk/dsp/ei_flatten.h:41:7:flatten_class::~flatten_class()	8	static
../Middlewares/Third_Party/EdgeImpulse_naugtyninja-project-1_MachineLearning/edgeimpulse/edge-impulse-sdk/dsp/ei_flatten.h:41:7:virtual flatten_class::~flatten_class()	8	static
C:\ST\STM32CubeIDE_2.1.1\STM32CubeIDE\plugins\com.st.stm32cube.ide.mcu.externaltools.gnu-tools-for-stm32.14.3.rel1.win32_1.0.100.202602081740\tools\arm-none-eabi\include\c++\14.3.1\bits\basic_string.tcc:221:7:void std::__cxx11::basic_string<_CharT, _Traits, _Alloc>::_M_construct(_InIterator, _InIterator, std::forward_iterator_tag) [with _FwdIterator = const char*; _CharT = char; _Traits = std::char_traits<char>; _Alloc = std::allocator<char>]	24	static
C:\ST\STM32CubeIDE_2.1.1\STM32CubeIDE\plugins\com.st.stm32cube.ide.mcu.externaltools.gnu-tools-for-stm32.14.3.rel1.win32_1.0.100.202602081740\tools\arm-none-eabi\include\c++\14.3.1\bits\basic_string.tcc:221:7:void std::__cxx11::basic_string<_CharT, _Traits, _Alloc>::_M_construct(_InIterator, _InIterator, std::forward_iterator_tag) [with _FwdIterator = char*; _CharT = char; _Traits = std::char_traits<char>; _Alloc = std::allocator<char>]	24	static
C:\ST\STM32CubeIDE_2.1.1\STM32CubeIDE\plugins\com.st.stm32cube.ide.mcu.externaltools.gnu-tools-for-stm32.14.3.rel1.win32_1.0.100.202602081740\tools\bin/../lib/gcc/arm-none-eabi/14.3.1/../../../../arm-none-eabi/include/c++/14.3.1/bits/vector.tcc:581:7:) [with _Args = {ei_threshold_desc_t}; _Tp = ei_threshold_desc_t; _Alloc = std::allocator<ei_threshold_desc_t>]	64	static
C:\ST\STM32CubeIDE_2.1.1\STM32CubeIDE\plugins\com.st.stm32cube.ide.mcu.externaltools.gnu-tools-for-stm32.14.3.rel1.win32_1.0.100.202602081740\tools\bin/../lib/gcc/arm-none-eabi/14.3.1/../../../../arm-none-eabi/include/c++/14.3.1/bits/vector.tcc:111:7:) [with _Args = {ei_threshold_desc_t}; _Tp = ei_threshold_desc_t; _Alloc = std::allocator<ei_threshold_desc_t>]	24	static
../Middlewares/Third_Party/EdgeImpulse_naugtyninja-project-1_MachineLearning/edgeimpulse/edge-impulse-sdk/classifier/postprocessing/ei_postprocessing_thresholds.h:57:18:EI_IMPULSE_ERROR get_thresholds_postprocessing(const ei_postprocessing_block_t*, std::vector<ei_threshold_desc_t>&)	88	static
../Middlewares/Third_Party/EdgeImpulse_naugtyninja-project-1_MachineLearning/edgeimpulse/edge-impulse-sdk/classifier/postprocessing/ei_postprocessing_thresholds.h:189:18:EI_IMPULSE_ERROR set_threshold_postprocessing(const ei_postprocessing_block_t*, std::string, float)	144	static
../Core/Src/main.cpp:641:1:cpp)	16	static
../Core/Src/main.cpp:641:1:cpp)	16	static
